00:00 +0: loading /Users/Shared/augmented-ai-apps/imdb/test/ui/widgets/rating_dialog_test.dart                                                                                                         00:00 +0: /Users/Shared/augmented-ai-apps/imdb/test/ui/widgets/rating_dialog_test.dart: RatingResult creates with rating and optional notes                                                            00:00 +1: /Users/Shared/augmented-ai-apps/imdb/test/ui/widgets/rating_dialog_test.dart: RatingResult creates with rating and optional notes                                                            00:00 +1: /Users/Shared/augmented-ai-apps/imdb/test/ui/widgets/rating_dialog_test.dart: RatingResult creates with rating only                                                                          00:00 +2: /Users/Shared/augmented-ai-apps/imdb/test/ui/widgets/rating_dialog_test.dart: RatingResult creates with rating only                                                                          00:00 +2: /Users/Shared/augmented-ai-apps/imdb/test/ui/widgets/rating_dialog_test.dart: RatingDialog renders title                                                                                     00:01 +2: /Users/Shared/augmented-ai-apps/imdb/test/ui/widgets/rating_dialog_test.dart: RatingDialog renders title                                                                                     00:01 +3: /Users/Shared/augmented-ai-apps/imdb/test/ui/widgets/rating_dialog_test.dart: RatingDialog renders title                                                                                     00:01 +4: /Users/Shared/augmented-ai-apps/imdb/test/ui/widgets/rating_dialog_test.dart: RatingDialog renders title                                                                                     00:01 +5: /Users/Shared/augmented-ai-apps/imdb/test/ui/widgets/media_card_test.dart: MediaCard renders title when showTitle is true                                                                    00:01 +6: /Users/Shared/augmented-ai-apps/imdb/test/ui/widgets/media_card_test.dart: MediaCard renders title when showTitle is true                                                                    00:01 +7: /Users/Shared/augmented-ai-apps/imdb/test/ui/widgets/media_card_test.dart: MediaCard renders title when showTitle is true                                                                    00:01 +8: /Users/Shared/augmented-ai-apps/imdb/test/ui/widgets/media_card_test.dart: MediaCard renders title when showTitle is true                                                                    00:01 +9: /Users/Shared/augmented-ai-apps/imdb/test/ui/widgets/media_section_test.dart: MediaSection shows section title                                                                               00:01 +10: /Users/Shared/augmented-ai-apps/imdb/test/ui/widgets/media_section_test.dart: MediaSection shows section title                                                                              00:01 +11: /Users/Shared/augmented-ai-apps/imdb/test/ui/widgets/media_section_test.dart: MediaSection shows section title                                                                              00:01 +12: /Users/Shared/augmented-ai-apps/imdb/test/ui/widgets/media_section_test.dart: MediaSection shows section title                                                                              00:01 +13: /Users/Shared/augmented-ai-apps/imdb/test/ui/widgets/media_section_test.dart: MediaSection shows section title                                                                              00:01 +14: /Users/Shared/augmented-ai-apps/imdb/test/ui/widgets/media_section_test.dart: MediaSection shows section title                                                                              00:01 +15: /Users/Shared/augmented-ai-apps/imdb/test/ui/widgets/media_section_test.dart: MediaSection shows section title                                                                              00:01 +16: /Users/Shared/augmented-ai-apps/imdb/test/ui/widgets/media_section_test.dart: MediaSection shows section title                                                                              00:01 +17: /Users/Shared/augmented-ai-apps/imdb/test/ui/widgets/media_section_test.dart: MediaSection shows section title                                                                              00:01 +18: /Users/Shared/augmented-ai-apps/imdb/test/ui/widgets/media_section_test.dart: MediaSection shows section title                                                                              00:01 +19: /Users/Shared/augmented-ai-apps/imdb/test/ui/widgets/media_section_test.dart: MediaSection shows section title                                                                              00:01 +20: /Users/Shared/augmented-ai-apps/imdb/test/ui/widgets/media_section_test.dart: MediaSection shows section title                                                                              00:01 +21: /Users/Shared/augmented-ai-apps/imdb/test/ui/widgets/media_section_test.dart: MediaSection shows section title                                                                              00:01 +22: /Users/Shared/augmented-ai-apps/imdb/test/ui/widgets/media_section_test.dart: MediaSection shows section title                                                                              00:01 +23: /Users/Shared/augmented-ai-apps/imdb/test/ui/widgets/media_section_test.dart: MediaSection shows section title                                                                              00:01 +24: /Users/Shared/augmented-ai-apps/imdb/test/ui/widgets/media_section_test.dart: MediaSection shows section title                                                                              00:01 +25: /Users/Shared/augmented-ai-apps/imdb/test/ui/widgets/media_section_test.dart: MediaSection shows section title                                                                              00:01 +26: /Users/Shared/augmented-ai-apps/imdb/test/ui/widgets/media_section_test.dart: MediaSection shows section title                                                                              00:01 +27: /Users/Shared/augmented-ai-apps/imdb/test/ui/widgets/media_section_test.dart: MediaSection shows section title                                                                              00:01 +28: /Users/Shared/augmented-ai-apps/imdb/test/ui/widgets/media_section_test.dart: MediaSection shows section title                                                                              00:01 +28: /Users/Shared/augmented-ai-apps/imdb/test/ui/widgets/media_section_test.dart: MediaSection shows section title                                                                              
══╡ EXCEPTION CAUGHT BY RENDERING LIBRARY ╞═════════════════════════════════════════════════════════
The following assertion was thrown during layout:
A RenderFlex overflowed by 39 pixels on the right.

The relevant error-causing widget was:
  Row Row:file:///Users/Shared/augmented-ai-apps/imdb/lib/ui/widgets/media_card.dart:130:36

The overflowing RenderFlex has an orientation of Axis.horizontal.
The edge of the RenderFlex that is overflowing has been marked in the rendering with a yellow and
black striped pattern. This is usually caused by the contents being too big for the RenderFlex.
Consider applying a flex factor (e.g. using an Expanded widget) to force the children of the
RenderFlex to fit within the available space instead of being sized to their natural size.
This is considered an error condition because it indicates that there is content that cannot be
seen. If the content is legitimately bigger than the available space, consider clipping it with a
ClipRect widget before putting it in the flex, or using a scrollable container rather than a Flex,
like a ListView.
The specific RenderFlex in question is: RenderFlex#95132 relayoutBoundary=up4 OVERFLOWING:
  creator: Row ← Padding ← DecoratedBox ← Container ← ExcludeSemantics ← Positioned ← Stack ← SizedBox
    ← Column ← Padding ← DecoratedBox ← ConstrainedBox ← ⋯
  parentData: offset=Offset(8.0, 8.0) (can use size)
  constraints: BoxConstraints(w=124.0, 0.0<=h<=Infinity)
  size: Size(124.0, 27.0)
  direction: horizontal
  mainAxisAlignment: start
  mainAxisSize: max
  crossAxisAlignment: center
  textDirection: ltr
  verticalDirection: down
  spacing: 0.0
◢◤◢◤◢◤◢◤◢◤◢◤◢◤◢◤◢◤◢◤◢◤◢◤◢◤◢◤◢◤◢◤◢◤◢◤◢◤◢◤◢◤◢◤◢◤◢◤◢◤◢◤◢◤◢◤◢◤◢◤◢◤◢◤◢◤◢◤◢◤◢◤◢◤◢◤◢◤◢◤◢◤◢◤◢◤◢◤◢◤◢◤◢◤◢◤◢◤◢◤
════════════════════════════════════════════════════════════════════════════════════════════════════
00:01 +28 -1: /Users/Shared/augmented-ai-apps/imdb/test/ui/widgets/media_section_test.dart: MediaSection shows section title [E]                                                                       
  Test failed. See exception logs above.
  The test description was: shows section title
  
Warning: At least one test in this suite creates an HttpClient. When running a test suite that uses
TestWidgetsFlutterBinding, all HTTP requests will return status code 400, and no network request
will actually be made. Any test expecting a real network connection and status code will fail.
To test code that needs an HttpClient, provide your own HttpClient implementation to the code under
test, so that your test can consistently provide a testable response to the code under test.
00:01 +28 -1: /Users/Shared/augmented-ai-apps/imdb/test/ui/widgets/media_card_test.dart: MediaCard shows media type badge                                                                              
══╡ EXCEPTION CAUGHT BY FLUTTER TEST FRAMEWORK ╞════════════════════════════════════════════════════
The following TestFailure was thrown running a test:
Expected: exactly one matching candidate
  Actual: _TextWidgetFinder:<Found 0 widgets with text "Film": []>
   Which: means none were found but one was expected

When the exception was thrown, this was the stack:
#4      main.<anonymous closure>.<anonymous closure> (file:///Users/Shared/augmented-ai-apps/imdb/test/ui/widgets/media_card_test.dart:138:7)
<asynchronous suspension>
#5      testWidgets.<anonymous closure>.<anonymous closure> (package:flutter_test/src/widget_tester.dart:192:15)
<asynchronous suspension>
#6      TestWidgetsFlutterBinding._runTestBody (package:flutter_test/src/binding.dart:1059:5)
<asynchronous suspension>
<asynchronous suspension>
(elided one frame from package:stack_trace)

This was caught by the test expectation on the following line:
  file:///Users/Shared/augmented-ai-apps/imdb/test/ui/widgets/media_card_test.dart line 138
The test description was:
  shows media type badge
════════════════════════════════════════════════════════════════════════════════════════════════════

To run this test again: /Users/jan.brink/develop/flutter/bin/cache/dart-sdk/bin/dart test /Users/Shared/augmented-ai-apps/imdb/test/ui/widgets/media_section_test.dart -p vm --plain-name 'MediaSection shows section title'
00:01 +28 -2: /Users/Shared/augmented-ai-apps/imdb/test/ui/widgets/media_card_test.dart: MediaCard shows media type badge [E]                                                                          
  Test failed. See exception logs above.
  The test description was: shows media type badge
  

To run this test again: /Users/jan.brink/develop/flutter/bin/cache/dart-sdk/bin/dart test /Users/Shared/augmented-ai-apps/imdb/test/ui/widgets/media_card_test.dart -p vm --plain-name 'MediaCard shows media type badge'
00:01 +29 -2: /Users/Shared/augmented-ai-apps/imdb/test/ui/widgets/media_card_accessibility_test.dart: MediaCard accessibility has a Semantics node with isButton flag when onTap provided             00:01 +30 -2: /Users/Shared/augmented-ai-apps/imdb/test/ui/widgets/media_card_accessibility_test.dart: MediaCard accessibility has a Semantics node with isButton flag when onTap provided             00:01 +30 -2: /Users/Shared/augmented-ai-apps/imdb/test/ui/widgets/media_section_test.dart: MediaSection hides title when empty string                                                                 
══╡ EXCEPTION CAUGHT BY RENDERING LIBRARY ╞═════════════════════════════════════════════════════════
The following assertion was thrown during layout:
A RenderFlex overflowed by 39 pixels on the right.

The relevant error-causing widget was:
  Row Row:file:///Users/Shared/augmented-ai-apps/imdb/lib/ui/widgets/media_card.dart:130:36

The overflowing RenderFlex has an orientation of Axis.horizontal.
The edge of the RenderFlex that is overflowing has been marked in the rendering with a yellow and
black striped pattern. This is usually caused by the contents being too big for the RenderFlex.
Consider applying a flex factor (e.g. using an Expanded widget) to force the children of the
RenderFlex to fit within the available space instead of being sized to their natural size.
This is considered an error condition because it indicates that there is content that cannot be
seen. If the content is legitimately bigger than the available space, consider clipping it with a
ClipRect widget before putting it in the flex, or using a scrollable container rather than a Flex,
like a ListView.
The specific RenderFlex in question is: RenderFlex#e5c10 relayoutBoundary=up4 OVERFLOWING:
  creator: Row ← Padding ← DecoratedBox ← Container ← ExcludeSemantics ← Positioned ← Stack ← SizedBox
    ← Column ← Padding ← DecoratedBox ← ConstrainedBox ← ⋯
  parentData: offset=Offset(8.0, 8.0) (can use size)
  constraints: BoxConstraints(w=124.0, 0.0<=h<=Infinity)
  size: Size(124.0, 27.0)
  direction: horizontal
  mainAxisAlignment: start
  mainAxisSize: max
  crossAxisAlignment: center
  textDirection: ltr
  verticalDirection: down
  spacing: 0.0
◢◤◢◤◢◤◢◤◢◤◢◤◢◤◢◤◢◤◢◤◢◤◢◤◢◤◢◤◢◤◢◤◢◤◢◤◢◤◢◤◢◤◢◤◢◤◢◤◢◤◢◤◢◤◢◤◢◤◢◤◢◤◢◤◢◤◢◤◢◤◢◤◢◤◢◤◢◤◢◤◢◤◢◤◢◤◢◤◢◤◢◤◢◤◢◤◢◤◢◤
════════════════════════════════════════════════════════════════════════════════════════════════════
00:01 +30 -3: /Users/Shared/augmented-ai-apps/imdb/test/ui/widgets/media_section_test.dart: MediaSection hides title when empty string [E]                                                             
  Test failed. See exception logs above.
  The test description was: hides title when empty string
  

To run this test again: /Users/jan.brink/develop/flutter/bin/cache/dart-sdk/bin/dart test /Users/Shared/augmented-ai-apps/imdb/test/ui/widgets/media_section_test.dart -p vm --plain-name 'MediaSection hides title when empty string'
00:01 +31 -3: /Users/Shared/augmented-ai-apps/imdb/test/ui/widgets/media_section_test.dart: MediaSection shows all items when no watchedIds                                                            00:01 +32 -3: /Users/Shared/augmented-ai-apps/imdb/test/ui/widgets/media_section_test.dart: MediaSection shows all items when no watchedIds                                                            00:01 +32 -3: /Users/Shared/augmented-ai-apps/imdb/test/ui/widgets/media_section_test.dart: MediaSection shows all items when no watchedIds                                                            
══╡ EXCEPTION CAUGHT BY RENDERING LIBRARY ╞═════════════════════════════════════════════════════════
The following assertion was thrown during layout:
A RenderFlex overflowed by 39 pixels on the right.

The relevant error-causing widget was:
  Row Row:file:///Users/Shared/augmented-ai-apps/imdb/lib/ui/widgets/media_card.dart:130:36

The overflowing RenderFlex has an orientation of Axis.horizontal.
The edge of the RenderFlex that is overflowing has been marked in the rendering with a yellow and
black striped pattern. This is usually caused by the contents being too big for the RenderFlex.
Consider applying a flex factor (e.g. using an Expanded widget) to force the children of the
RenderFlex to fit within the available space instead of being sized to their natural size.
This is considered an error condition because it indicates that there is content that cannot be
seen. If the content is legitimately bigger than the available space, consider clipping it with a
ClipRect widget before putting it in the flex, or using a scrollable container rather than a Flex,
like a ListView.
The specific RenderFlex in question is: RenderFlex#12e16 relayoutBoundary=up4 OVERFLOWING:
  creator: Row ← Padding ← DecoratedBox ← Container ← ExcludeSemantics ← Positioned ← Stack ← SizedBox
    ← Column ← Padding ← DecoratedBox ← ConstrainedBox ← ⋯
  parentData: offset=Offset(8.0, 8.0) (can use size)
  constraints: BoxConstraints(w=124.0, 0.0<=h<=Infinity)
  size: Size(124.0, 27.0)
  direction: horizontal
  mainAxisAlignment: start
  mainAxisSize: max
  crossAxisAlignment: center
  textDirection: ltr
  verticalDirection: down
  spacing: 0.0
◢◤◢◤◢◤◢◤◢◤◢◤◢◤◢◤◢◤◢◤◢◤◢◤◢◤◢◤◢◤◢◤◢◤◢◤◢◤◢◤◢◤◢◤◢◤◢◤◢◤◢◤◢◤◢◤◢◤◢◤◢◤◢◤◢◤◢◤◢◤◢◤◢◤◢◤◢◤◢◤◢◤◢◤◢◤◢◤◢◤◢◤◢◤◢◤◢◤◢◤
════════════════════════════════════════════════════════════════════════════════════════════════════
00:01 +32 -4: /Users/Shared/augmented-ai-apps/imdb/test/ui/widgets/media_section_test.dart: MediaSection shows all items when no watchedIds [E]                                                        
  Test failed. See exception logs above.
  The test description was: shows all items when no watchedIds
  

To run this test again: /Users/jan.brink/develop/flutter/bin/cache/dart-sdk/bin/dart test /Users/Shared/augmented-ai-apps/imdb/test/ui/widgets/media_section_test.dart -p vm --plain-name 'MediaSection shows all items when no watchedIds'
00:01 +33 -4: /Users/Shared/augmented-ai-apps/imdb/test/ui/widgets/media_section_test.dart: MediaSection shows all items when watchedIds is empty set                                                  00:01 +34 -4: /Users/Shared/augmented-ai-apps/imdb/test/ui/widgets/media_section_test.dart: MediaSection shows all items when watchedIds is empty set                                                  00:01 +34 -4: /Users/Shared/augmented-ai-apps/imdb/test/ui/widgets/media_section_test.dart: MediaSection shows all items when watchedIds is empty set                                                  
══╡ EXCEPTION CAUGHT BY RENDERING LIBRARY ╞═════════════════════════════════════════════════════════
The following assertion was thrown during layout:
A RenderFlex overflowed by 39 pixels on the right.

The relevant error-causing widget was:
  Row Row:file:///Users/Shared/augmented-ai-apps/imdb/lib/ui/widgets/media_card.dart:130:36

The overflowing RenderFlex has an orientation of Axis.horizontal.
The edge of the RenderFlex that is overflowing has been marked in the rendering with a yellow and
black striped pattern. This is usually caused by the contents being too big for the RenderFlex.
Consider applying a flex factor (e.g. using an Expanded widget) to force the children of the
RenderFlex to fit within the available space instead of being sized to their natural size.
This is considered an error condition because it indicates that there is content that cannot be
seen. If the content is legitimately bigger than the available space, consider clipping it with a
ClipRect widget before putting it in the flex, or using a scrollable container rather than a Flex,
like a ListView.
The specific RenderFlex in question is: RenderFlex#a5ef0 relayoutBoundary=up4 OVERFLOWING:
  creator: Row ← Padding ← DecoratedBox ← Container ← ExcludeSemantics ← Positioned ← Stack ← SizedBox
    ← Column ← Padding ← DecoratedBox ← ConstrainedBox ← ⋯
  parentData: offset=Offset(8.0, 8.0) (can use size)
  constraints: BoxConstraints(w=124.0, 0.0<=h<=Infinity)
  size: Size(124.0, 27.0)
  direction: horizontal
  mainAxisAlignment: start
  mainAxisSize: max
  crossAxisAlignment: center
  textDirection: ltr
  verticalDirection: down
  spacing: 0.0
◢◤◢◤◢◤◢◤◢◤◢◤◢◤◢◤◢◤◢◤◢◤◢◤◢◤◢◤◢◤◢◤◢◤◢◤◢◤◢◤◢◤◢◤◢◤◢◤◢◤◢◤◢◤◢◤◢◤◢◤◢◤◢◤◢◤◢◤◢◤◢◤◢◤◢◤◢◤◢◤◢◤◢◤◢◤◢◤◢◤◢◤◢◤◢◤◢◤◢◤
════════════════════════════════════════════════════════════════════════════════════════════════════
00:01 +34 -5: /Users/Shared/augmented-ai-apps/imdb/test/ui/widgets/media_section_test.dart: MediaSection shows all items when watchedIds is empty set [E]                                              
  Test failed. See exception logs above.
  The test description was: shows all items when watchedIds is empty set
  

To run this test again: /Users/jan.brink/develop/flutter/bin/cache/dart-sdk/bin/dart test /Users/Shared/augmented-ai-apps/imdb/test/ui/widgets/media_section_test.dart -p vm --plain-name 'MediaSection shows all items when watchedIds is empty set'
00:02 +35 -5: /Users/Shared/augmented-ai-apps/imdb/test/ui/widgets/media_section_test.dart: MediaSection shows watched items (with badge) when hideWatched is false                                    00:02 +36 -5: /Users/Shared/augmented-ai-apps/imdb/test/ui/widgets/media_section_test.dart: MediaSection shows watched items (with badge) when hideWatched is false                                    00:02 +36 -5: /Users/Shared/augmented-ai-apps/imdb/test/ui/widgets/media_section_test.dart: MediaSection shows watched items (with badge) when hideWatched is false                                    
══╡ EXCEPTION CAUGHT BY RENDERING LIBRARY ╞═════════════════════════════════════════════════════════
The following assertion was thrown during layout:
A RenderFlex overflowed by 39 pixels on the right.

The relevant error-causing widget was:
  Row Row:file:///Users/Shared/augmented-ai-apps/imdb/lib/ui/widgets/media_card.dart:130:36

The overflowing RenderFlex has an orientation of Axis.horizontal.
The edge of the RenderFlex that is overflowing has been marked in the rendering with a yellow and
black striped pattern. This is usually caused by the contents being too big for the RenderFlex.
Consider applying a flex factor (e.g. using an Expanded widget) to force the children of the
RenderFlex to fit within the available space instead of being sized to their natural size.
This is considered an error condition because it indicates that there is content that cannot be
seen. If the content is legitimately bigger than the available space, consider clipping it with a
ClipRect widget before putting it in the flex, or using a scrollable container rather than a Flex,
like a ListView.
The specific RenderFlex in question is: RenderFlex#4df9e relayoutBoundary=up4 OVERFLOWING:
  creator: Row ← Padding ← DecoratedBox ← Container ← ExcludeSemantics ← Positioned ← Stack ← SizedBox
    ← Column ← Padding ← DecoratedBox ← ConstrainedBox ← ⋯
  parentData: offset=Offset(8.0, 8.0) (can use size)
  constraints: BoxConstraints(w=124.0, 0.0<=h<=Infinity)
  size: Size(124.0, 27.0)
  direction: horizontal
  mainAxisAlignment: start
  mainAxisSize: max
  crossAxisAlignment: center
  textDirection: ltr
  verticalDirection: down
  spacing: 0.0
◢◤◢◤◢◤◢◤◢◤◢◤◢◤◢◤◢◤◢◤◢◤◢◤◢◤◢◤◢◤◢◤◢◤◢◤◢◤◢◤◢◤◢◤◢◤◢◤◢◤◢◤◢◤◢◤◢◤◢◤◢◤◢◤◢◤◢◤◢◤◢◤◢◤◢◤◢◤◢◤◢◤◢◤◢◤◢◤◢◤◢◤◢◤◢◤◢◤◢◤
════════════════════════════════════════════════════════════════════════════════════════════════════
00:02 +36 -6: /Users/Shared/augmented-ai-apps/imdb/test/ui/widgets/media_section_test.dart: MediaSection shows watched items (with badge) when hideWatched is false [E]                                
  Test failed. See exception logs above.
  The test description was: shows watched items (with badge) when hideWatched is false
  

To run this test again: /Users/jan.brink/develop/flutter/bin/cache/dart-sdk/bin/dart test /Users/Shared/augmented-ai-apps/imdb/test/ui/widgets/media_section_test.dart -p vm --plain-name 'MediaSection shows watched items (with badge) when hideWatched is false'
00:02 +36 -6: /Users/Shared/augmented-ai-apps/imdb/test/ui/widgets/media_section_test.dart: MediaSection hides watched items when hideWatched is true                                                  00:02 +37 -6: /Users/Shared/augmented-ai-apps/imdb/test/ui/widgets/media_section_test.dart: MediaSection hides watched items when hideWatched is true                                                  00:02 +37 -6: /Users/Shared/augmented-ai-apps/imdb/test/ui/widgets/media_section_test.dart: MediaSection all items watched + hideWatched → shows empty state                                           00:02 +38 -6: /Users/Shared/augmented-ai-apps/imdb/test/ui/widgets/media_section_test.dart: MediaSection all items watched + hideWatched → shows empty state                                           00:02 +38 -6: /Users/Shared/augmented-ai-apps/imdb/test/ui/widgets/media_section_test.dart: MediaSection empty items list does not crash                                                               00:02 +39 -6: /Users/Shared/augmented-ai-apps/imdb/test/ui/widgets/media_section_test.dart: MediaSection empty items list does not crash                                                               00:02 +39 -6: /Users/Shared/augmented-ai-apps/imdb/test/ui/widgets/media_section_test.dart: MediaSection shows loading shimmer when isLoading                                                          00:02 +40 -6: /Users/Shared/augmented-ai-apps/imdb/test/ui/widgets/media_section_test.dart: MediaSection shows loading shimmer when isLoading                                                          00:02 +40 -6: /Users/Shared/augmented-ai-apps/imdb/test/ui/widgets/media_section_test.dart: MediaSection _processedItems logic unwatched items appear first, watched last (hideWatched=false)          00:02 +41 -6: /Users/Shared/augmented-ai-apps/imdb/test/ui/widgets/main_navigation_accessibility_test.dart: MainNavigationScreen accessibility all nav items have accessible labels                    00:02 +41 -6: /Users/Shared/augmented-ai-apps/imdb/test/ui/widgets/media_section_test.dart: MediaSection _processedItems logic hideWatched with no matches leaves all visible                          
══╡ EXCEPTION CAUGHT BY RENDERING LIBRARY ╞═════════════════════════════════════════════════════════
The following assertion was thrown during layout:
A RenderFlex overflowed by 39 pixels on the right.

The relevant error-causing widget was:
  Row Row:file:///Users/Shared/augmented-ai-apps/imdb/lib/ui/widgets/media_card.dart:130:36

The overflowing RenderFlex has an orientation of Axis.horizontal.
The edge of the RenderFlex that is overflowing has been marked in the rendering with a yellow and
black striped pattern. This is usually caused by the contents being too big for the RenderFlex.
Consider applying a flex factor (e.g. using an Expanded widget) to force the children of the
RenderFlex to fit within the available space instead of being sized to their natural size.
This is considered an error condition because it indicates that there is content that cannot be
seen. If the content is legitimately bigger than the available space, consider clipping it with a
ClipRect widget before putting it in the flex, or using a scrollable container rather than a Flex,
like a ListView.
The specific RenderFlex in question is: RenderFlex#e1cac relayoutBoundary=up4 OVERFLOWING:
  creator: Row ← Padding ← DecoratedBox ← Container ← ExcludeSemantics ← Positioned ← Stack ← SizedBox
    ← Column ← Padding ← DecoratedBox ← ConstrainedBox ← ⋯
  parentData: offset=Offset(8.0, 8.0) (can use size)
  constraints: BoxConstraints(w=124.0, 0.0<=h<=Infinity)
  size: Size(124.0, 27.0)
  direction: horizontal
  mainAxisAlignment: start
  mainAxisSize: max
  crossAxisAlignment: center
  textDirection: ltr
  verticalDirection: down
  spacing: 0.0
◢◤◢◤◢◤◢◤◢◤◢◤◢◤◢◤◢◤◢◤◢◤◢◤◢◤◢◤◢◤◢◤◢◤◢◤◢◤◢◤◢◤◢◤◢◤◢◤◢◤◢◤◢◤◢◤◢◤◢◤◢◤◢◤◢◤◢◤◢◤◢◤◢◤◢◤◢◤◢◤◢◤◢◤◢◤◢◤◢◤◢◤◢◤◢◤◢◤◢◤
════════════════════════════════════════════════════════════════════════════════════════════════════
00:02 +41 -7: /Users/Shared/augmented-ai-apps/imdb/test/ui/widgets/media_section_test.dart: MediaSection _processedItems logic hideWatched with no matches leaves all visible [E]                      
  Test failed. See exception logs above.
  The test description was: hideWatched with no matches leaves all visible
  

To run this test again: /Users/jan.brink/develop/flutter/bin/cache/dart-sdk/bin/dart test /Users/Shared/augmented-ai-apps/imdb/test/ui/widgets/media_section_test.dart -p vm --plain-name 'MediaSection _processedItems logic hideWatched with no matches leaves all visible'
00:02 +42 -7: /Users/Shared/augmented-ai-apps/imdb/test/ui/widgets/main_navigation_accessibility_test.dart: MainNavigationScreen accessibility all nav items have accessible labels                    00:02 +43 -7: /Users/Shared/augmented-ai-apps/imdb/test/ui/widgets/main_navigation_accessibility_test.dart: MainNavigationScreen accessibility all nav items have accessible labels                    00:02 +44 -7: /Users/Shared/augmented-ai-apps/imdb/test/ui/widgets/main_navigation_accessibility_test.dart: MainNavigationScreen accessibility all nav items have accessible labels                    00:02 +45 -7: /Users/Shared/augmented-ai-apps/imdb/test/ui/widgets/main_navigation_accessibility_test.dart: MainNavigationScreen accessibility all nav items have accessible labels                    00:02 +46 -7: /Users/Shared/augmented-ai-apps/imdb/test/ui/widgets/main_navigation_accessibility_test.dart: MainNavigationScreen accessibility all nav items have accessible labels                    00:02 +47 -7: /Users/Shared/augmented-ai-apps/imdb/test/ui/widgets/main_navigation_accessibility_test.dart: MainNavigationScreen accessibility all nav items have accessible labels                    00:02 +48 -7: /Users/Shared/augmented-ai-apps/imdb/test/ui/widgets/main_navigation_accessibility_test.dart: MainNavigationScreen accessibility all nav items have accessible labels                    00:02 +49 -7: /Users/Shared/augmented-ai-apps/imdb/test/ui/widgets/main_navigation_accessibility_test.dart: MainNavigationScreen accessibility all nav items have accessible labels                    00:02 +50 -7: /Users/Shared/augmented-ai-apps/imdb/test/ui/widgets/main_navigation_accessibility_test.dart: MainNavigationScreen accessibility all nav items have accessible labels                    00:02 +51 -7: /Users/Shared/augmented-ai-apps/imdb/test/ui/widgets/main_navigation_accessibility_test.dart: MainNavigationScreen accessibility all nav items have accessible labels                    00:02 +52 -7: /Users/Shared/augmented-ai-apps/imdb/test/ui/widgets/main_navigation_accessibility_test.dart: MainNavigationScreen accessibility all nav items have accessible labels                    00:02 +53 -7: /Users/Shared/augmented-ai-apps/imdb/test/ui/widgets/main_navigation_accessibility_test.dart: MainNavigationScreen accessibility all nav items have accessible labels                    00:02 +54 -7: /Users/Shared/augmented-ai-apps/imdb/test/ui/widgets/main_navigation_accessibility_test.dart: MainNavigationScreen accessibility all nav items have accessible labels                    00:02 +55 -7: /Users/Shared/augmented-ai-apps/imdb/test/ui/widgets/main_navigation_accessibility_test.dart: MainNavigationScreen accessibility all nav items have accessible labels                    00:02 +56 -7: /Users/Shared/augmented-ai-apps/imdb/test/ui/widgets/main_navigation_accessibility_test.dart: MainNavigationScreen accessibility all nav items have accessible labels                    00:02 +57 -7: /Users/Shared/augmented-ai-apps/imdb/test/ui/widgets/main_navigation_accessibility_test.dart: MainNavigationScreen accessibility all nav items have accessible labels                    00:02 +58 -7: /Users/Shared/augmented-ai-apps/imdb/test/ui/widgets/main_navigation_accessibility_test.dart: MainNavigationScreen accessibility all nav items have accessible labels                    00:02 +59 -7: /Users/Shared/augmented-ai-apps/imdb/test/ui/widgets/main_navigation_accessibility_test.dart: MainNavigationScreen accessibility all nav items have accessible labels                    00:02 +60 -7: /Users/Shared/augmented-ai-apps/imdb/test/ui/widgets/main_navigation_accessibility_test.dart: MainNavigationScreen accessibility all nav items have accessible labels                    00:02 +61 -7: /Users/Shared/augmented-ai-apps/imdb/test/ui/widgets/main_navigation_accessibility_test.dart: MainNavigationScreen accessibility all nav items have accessible labels                    00:02 +62 -7: /Users/Shared/augmented-ai-apps/imdb/test/ui/widgets/main_navigation_accessibility_test.dart: MainNavigationScreen accessibility all nav items have accessible labels                    00:02 +63 -7: /Users/Shared/augmented-ai-apps/imdb/test/ui/widgets/main_navigation_accessibility_test.dart: MainNavigationScreen accessibility all nav items have accessible labels                    00:02 +64 -7: /Users/Shared/augmented-ai-apps/imdb/test/ui/widgets/main_navigation_accessibility_test.dart: MainNavigationScreen accessibility all nav items have accessible labels                    00:02 +65 -7: /Users/Shared/augmented-ai-apps/imdb/test/ui/widgets/main_navigation_accessibility_test.dart: MainNavigationScreen accessibility all nav items have accessible labels                    00:02 +66 -7: /Users/Shared/augmented-ai-apps/imdb/test/ui/widgets/main_navigation_accessibility_test.dart: MainNavigationScreen accessibility all nav items have accessible labels                    00:02 +67 -7: /Users/Shared/augmented-ai-apps/imdb/test/ui/widgets/main_navigation_accessibility_test.dart: MainNavigationScreen accessibility all nav items have accessible labels                    00:02 +68 -7: /Users/Shared/augmented-ai-apps/imdb/test/ui/widgets/main_navigation_accessibility_test.dart: MainNavigationScreen accessibility all nav items have accessible labels                    00:02 +69 -7: /Users/Shared/augmented-ai-apps/imdb/test/ui/widgets/main_navigation_accessibility_test.dart: MainNavigationScreen accessibility all nav items have accessible labels                    00:02 +70 -7: /Users/Shared/augmented-ai-apps/imdb/test/ui/widgets/main_navigation_accessibility_test.dart: MainNavigationScreen accessibility all nav items have accessible labels                    00:02 +71 -7: /Users/Shared/augmented-ai-apps/imdb/test/ui/widgets/main_navigation_accessibility_test.dart: MainNavigationScreen accessibility all nav items have accessible labels                    00:02 +72 -7: /Users/Shared/augmented-ai-apps/imdb/test/ui/widgets/main_navigation_accessibility_test.dart: MainNavigationScreen accessibility all nav items have accessible labels                    00:02 +73 -7: /Users/Shared/augmented-ai-apps/imdb/test/ui/widgets/streaming_filter_bar_test.dart: StreamingFilterBar renders header with title text                                                   00:02 +74 -7: /Users/Shared/augmented-ai-apps/imdb/test/ui/widgets/streaming_filter_bar_test.dart: StreamingFilterBar renders header with title text                                                   00:02 +75 -7: /Users/Shared/augmented-ai-apps/imdb/test/ui/widgets/streaming_filter_bar_test.dart: StreamingFilterBar renders header with title text                                                   00:02 +76 -7: /Users/Shared/augmented-ai-apps/imdb/test/ui/widgets/streaming_filter_bar_test.dart: StreamingFilterBar renders header with title text                                                   00:02 +77 -7: /Users/Shared/augmented-ai-apps/imdb/test/ui/widgets/streaming_filter_bar_test.dart: StreamingFilterBar renders header with title text                                                   00:02 +78 -7: /Users/Shared/augmented-ai-apps/imdb/test/ui/widgets/streaming_filter_bar_test.dart: StreamingFilterBar renders header with title text                                                   00:02 +79 -7: /Users/Shared/augmented-ai-apps/imdb/test/ui/widgets/streaming_filter_bar_test.dart: StreamingFilterBar renders header with title text                                                   00:02 +80 -7: /Users/Shared/augmented-ai-apps/imdb/test/ui/widgets/streaming_filter_bar_test.dart: StreamingFilterBar renders header with title text                                                   00:02 +81 -7: /Users/Shared/augmented-ai-apps/imdb/test/ui/widgets/streaming_filter_bar_test.dart: StreamingFilterBar renders header with title text                                                   00:02 +82 -7: /Users/Shared/augmented-ai-apps/imdb/test/ui/widgets/streaming_filter_bar_test.dart: StreamingFilterBar renders header with title text                                                   00:02 +83 -7: /Users/Shared/augmented-ai-apps/imdb/test/ui/widgets/streaming_filter_bar_test.dart: StreamingFilterBar renders header with title text                                                   00:02 +84 -7: /Users/Shared/augmented-ai-apps/imdb/test/ui/widgets/streaming_filter_bar_test.dart: StreamingFilterBar renders header with title text                                                   00:02 +85 -7: /Users/Shared/augmented-ai-apps/imdb/test/ui/widgets/streaming_filter_bar_test.dart: StreamingFilterBar renders header with title text                                                   00:02 +86 -7: /Users/Shared/augmented-ai-apps/imdb/test/ui/widgets/streaming_filter_bar_test.dart: StreamingFilterBar renders header with title text                                                   00:02 +87 -7: /Users/Shared/augmented-ai-apps/imdb/test/ui/widgets/streaming_filter_bar_test.dart: StreamingFilterBar renders header with title text                                                   00:02 +88 -7: /Users/Shared/augmented-ai-apps/imdb/test/ui/widgets/streaming_filter_bar_test.dart: StreamingFilterBar renders header with title text                                                   00:02 +89 -7: /Users/Shared/augmented-ai-apps/imdb/test/ui/widgets/streaming_filter_bar_test.dart: StreamingFilterBar renders header with title text                                                   00:02 +90 -7: /Users/Shared/augmented-ai-apps/imdb/test/ui/widgets/streaming_filter_bar_test.dart: StreamingFilterBar renders header with title text                                                   00:02 +91 -7: /Users/Shared/augmented-ai-apps/imdb/test/ui/widgets/streaming_filter_bar_test.dart: StreamingFilterBar renders header with title text                                                   00:02 +92 -7: /Users/Shared/augmented-ai-apps/imdb/test/ui/widgets/streaming_filter_bar_test.dart: StreamingFilterBar renders header with title text                                                   00:02 +93 -7: /Users/Shared/augmented-ai-apps/imdb/test/ui/widgets/main_navigation_accessibility_test.dart: MainNavigationScreen accessibility tapping Search tab changes selected label               00:02 +94 -7: /Users/Shared/augmented-ai-apps/imdb/test/ui/widgets/streaming_filter_bar_test.dart: StreamingFilterBar renders streaming provider chips in scrollable list                              00:02 +95 -7: /Users/Shared/augmented-ai-apps/imdb/test/ui/widgets/main_navigation_accessibility_test.dart: MainNavigationScreen accessibility nav items are accessible via semantic labels            00:02 +96 -7: /Users/Shared/augmented-ai-apps/imdb/test/ui/widgets/streaming_filter_bar_test.dart: StreamingFilterBar default DE prefs shows count badge of 4                                          00:02 +97 -7: /Users/Shared/augmented-ai-apps/imdb/test/ui/widgets/streaming_filter_bar_test.dart: StreamingFilterBar default DE prefs shows count badge of 4                                          00:02 +97 -7: /Users/Shared/augmented-ai-apps/imdb/test/ui/widgets/streaming_filter_bar_test.dart: StreamingFilterBar empty services → no count badge                                                  00:02 +98 -7: /Users/Shared/augmented-ai-apps/imdb/test/ui/widgets/streaming_filter_bar_test.dart: StreamingFilterBar empty services → no count badge                                                  00:02 +98 -7: /Users/Shared/augmented-ai-apps/imdb/test/ui/widgets/streaming_filter_bar_test.dart: StreamingFilterBar ARD-only shows count badge of 1                                                  00:02 +99 -7: /Users/Shared/augmented-ai-apps/imdb/test/ui/widgets/streaming_filter_bar_test.dart: StreamingFilterBar ARD-only shows count badge of 1                                                  00:02 +99 -7: /Users/Shared/augmented-ai-apps/imdb/test/ui/widgets/streaming_filter_bar_test.dart: StreamingFilterBar selected chip shows check icon                                                   00:02 +100 -7: /Users/Shared/augmented-ai-apps/imdb/test/ui/widgets/streaming_filter_bar_test.dart: StreamingFilterBar selected chip shows check icon                                                  00:02 +100 -7: /Users/Shared/augmented-ai-apps/imdb/test/ui/widgets/streaming_filter_bar_test.dart: StreamingFilterBar unselected chip shows initial letter instead of check                           00:03 +100 -7: /Users/Shared/augmented-ai-apps/imdb/test/ui/widgets/streaming_filter_bar_test.dart: StreamingFilterBar unselected chip shows initial letter instead of check                           00:03 +101 -7: /Users/Shared/augmented-ai-apps/imdb/test/ui/widgets/streaming_filter_bar_test.dart: StreamingFilterBar unselected chip shows initial letter instead of check                           00:03 +101 -7: /Users/Shared/augmented-ai-apps/imdb/test/ui/widgets/streaming_filter_bar_test.dart: StreamingFilterBar tapping chip triggers onFilterChanged callback                                  00:03 +102 -7: /Users/Shared/augmented-ai-apps/imdb/test/ui/widgets/streaming_filter_bar_test.dart: StreamingFilterBar tapping chip triggers onFilterChanged callback                                  00:03 +102 -7: loading /Users/Shared/augmented-ai-apps/imdb/test/utils/age_rating_mapper_test.dart                                                                                                     00:03 +102 -7: /Users/Shared/augmented-ai-apps/imdb/test/utils/age_rating_mapper_test.dart: AgeRatingMapper getCertification returns null for age >= 18                                                00:03 +103 -7: /Users/Shared/augmented-ai-apps/imdb/test/utils/media_filter_test.dart: MediaFilter applyPreferences passes items meeting all criteria                                                  00:03 +104 -7: /Users/Shared/augmented-ai-apps/imdb/test/utils/age_rating_mapper_test.dart: AgeRatingMapper getCertification returns correct DE certifications                                         00:03 +105 -7: /Users/Shared/augmented-ai-apps/imdb/test/utils/media_filter_test.dart: MediaFilter applyPreferences filters items below minimum rating                                                 00:03 +106 -7: /Users/Shared/augmented-ai-apps/imdb/test/utils/age_rating_mapper_test.dart: AgeRatingMapper getCertification returns correct US certifications                                         00:03 +107 -7: /Users/Shared/augmented-ai-apps/imdb/test/utils/media_filter_test.dart: MediaFilter applyPreferences filters items above max age rating                                                 00:03 +108 -7: /Users/Shared/augmented-ai-apps/imdb/test/utils/age_rating_mapper_test.dart: AgeRatingMapper getCertification returns correct GB certifications                                         00:03 +109 -7: /Users/Shared/augmented-ai-apps/imdb/test/utils/media_filter_test.dart: MediaFilter applyPreferences passes all items when maxAgeRating is null                                         00:03 +110 -7: /Users/Shared/augmented-ai-apps/imdb/test/utils/age_rating_mapper_test.dart: AgeRatingMapper getAgeLevel parses DE certifications                                                       00:03 +111 -7: /Users/Shared/augmented-ai-apps/imdb/test/utils/media_filter_test.dart: MediaFilter applyPreferences passes all items when maxAgeRating is 18 (max)                                     00:03 +112 -7: /Users/Shared/augmented-ai-apps/imdb/test/utils/age_rating_mapper_test.dart: AgeRatingMapper getAgeLevel parses US certifications                                                       00:03 +113 -7: /Users/Shared/augmented-ai-apps/imdb/test/utils/media_filter_test.dart: MediaFilter applyPreferences returns empty list for empty input                                                 00:03 +114 -7: /Users/Shared/augmented-ai-apps/imdb/test/utils/media_filter_test.dart: MediaFilter applyPreferences returns empty list for empty input                                                 00:03 +115 -7: /Users/Shared/augmented-ai-apps/imdb/test/utils/age_rating_mapper_test.dart: AgeRatingMapper getAgeLevel fallback for cross-region parsing (US cert in DE context)                      00:03 +116 -7: /Users/Shared/augmented-ai-apps/imdb/test/utils/media_filter_test.dart: MediaFilter applyPreferences filters all when none meet minimum rating                                          00:03 +117 -7: /Users/Shared/augmented-ai-apps/imdb/test/utils/media_filter_test.dart: MediaFilter applyPreferences filters all when none meet minimum rating                                          00:03 +117 -7: /Users/Shared/augmented-ai-apps/imdb/test/utils/media_filter_test.dart: MediaFilter applyPreferencesAndExcludeWatched excludes watched IDs                                              00:03 +118 -7: /Users/Shared/augmented-ai-apps/imdb/test/utils/media_filter_test.dart: MediaFilter applyPreferencesAndExcludeWatched excludes watched IDs                                              00:03 +118 -7: loading /Users/Shared/augmented-ai-apps/imdb/test/utils/crashlytics_service_test.dart                                                                                                   00:03 +118 -7: /Users/Shared/augmented-ai-apps/imdb/test/utils/crashlytics_service_test.dart: CrashlyticsService collection modes debug mode → collection disabled (kDebugMode check)                  00:03 +119 -7: /Users/Shared/augmented-ai-apps/imdb/test/utils/crashlytics_service_test.dart: CrashlyticsService collection modes debug mode → collection disabled (kDebugMode check)                  00:03 +120 -7: /Users/Shared/augmented-ai-apps/imdb/test/utils/crashlytics_service_test.dart: CrashlyticsService collection modes debug mode → collection disabled (kDebugMode check)                  00:03 +121 -7: /Users/Shared/augmented-ai-apps/imdb/test/utils/crashlytics_service_test.dart: CrashlyticsService collection modes debug mode → collection disabled (kDebugMode check)                  00:03 +122 -7: /Users/Shared/augmented-ai-apps/imdb/test/utils/crashlytics_service_test.dart: CrashlyticsService collection modes debug mode → collection disabled (kDebugMode check)                  00:03 +123 -7: /Users/Shared/augmented-ai-apps/imdb/test/utils/crashlytics_service_test.dart: CrashlyticsService collection modes debug mode → collection disabled (kDebugMode check)                  00:03 +123 -7: /Users/Shared/augmented-ai-apps/imdb/test/utils/crashlytics_service_test.dart: CrashlyticsService collection modes kDebugMode and kReleaseMode are mutually exclusive                   00:03 +124 -7: /Users/Shared/augmented-ai-apps/imdb/test/utils/crashlytics_service_test.dart: CrashlyticsService collection modes kDebugMode and kReleaseMode are mutually exclusive                   00:03 +124 -7: /Users/Shared/augmented-ai-apps/imdb/test/utils/crashlytics_service_test.dart: CrashlyticsService FlutterError.onError hook can be assigned and restored                                00:03 +125 -7: /Users/Shared/augmented-ai-apps/imdb/test/utils/crashlytics_service_test.dart: CrashlyticsService FlutterError.onError hook can be assigned and restored                                00:03 +125 -7: /Users/Shared/augmented-ai-apps/imdb/test/utils/crashlytics_service_test.dart: ... (integration) initialize() completes without throwing when Firebase is available                     00:03 +125 -7: /Users/Shared/augmented-ai-apps/imdb/test/utils/crashlytics_service_test.dart: CrashlyticsService CrashlyticsService.initialize (integration) initialize() completes without throwing when Firebase is available
  Skip: Requires firebase_core mock setup or real google-services.json. Run with --dart-define=SKIP_FIREBASE_INIT=false to execute.
00:03 +125 ~1 -7: /Users/Shared/augmented-ai-apps/imdb/test/utils/crashlytics_service_test.dart: ... (integration) initialize() completes without throwing when Firebase is available                  00:03 +125 ~1 -7: loading /Users/Shared/augmented-ai-apps/imdb/test/utils/ai_title_parser_test.dart                                                                                                    00:03 +125 ~1 -7: /Users/Shared/augmented-ai-apps/imdb/test/utils/ai_title_parser_test.dart: AiTitleParser.extractTitles extracts bold titles wrapped in double asterisks                              00:03 +126 ~1 -7: /Users/Shared/augmented-ai-apps/imdb/test/utils/ai_title_parser_test.dart: AiTitleParser.extractTitles extracts bold titles wrapped in double asterisks                              00:03 +126 ~1 -7: /Users/Shared/augmented-ai-apps/imdb/test/utils/ai_title_parser_test.dart: AiTitleParser.extractTitles extracts quoted titles wrapped in double quotes                               00:03 +127 ~1 -7: /Users/Shared/augmented-ai-apps/imdb/test/utils/ai_title_parser_test.dart: AiTitleParser.extractTitles extracts quoted titles wrapped in double quotes                               00:03 +127 ~1 -7: /Users/Shared/augmented-ai-apps/imdb/test/utils/ai_title_parser_test.dart: AiTitleParser.extractTitles extracts both bold and quoted titles from mixed text                          00:03 +128 ~1 -7: /Users/Shared/augmented-ai-apps/imdb/test/utils/ai_title_parser_test.dart: AiTitleParser.extractTitles extracts both bold and quoted titles from mixed text                          00:03 +128 ~1 -7: /Users/Shared/augmented-ai-apps/imdb/test/utils/ai_title_parser_test.dart: AiTitleParser.extractTitles returns empty list for text with no titles                                    00:03 +129 ~1 -7: /Users/Shared/augmented-ai-apps/imdb/test/utils/ai_title_parser_test.dart: AiTitleParser.extractTitles returns empty list for text with no titles                                    00:03 +129 ~1 -7: /Users/Shared/augmented-ai-apps/imdb/test/utils/ai_title_parser_test.dart: AiTitleParser.extractTitles returns empty list for empty string                                           00:03 +130 ~1 -7: /Users/Shared/augmented-ai-apps/imdb/test/utils/ai_title_parser_test.dart: AiTitleParser.extractTitles returns empty list for empty string                                           00:03 +130 ~1 -7: /Users/Shared/augmented-ai-apps/imdb/test/utils/ai_title_parser_test.dart: AiTitleParser.extractTitles deduplicates titles that appear multiple times                                00:03 +131 ~1 -7: /Users/Shared/augmented-ai-apps/imdb/test/utils/ai_title_parser_test.dart: AiTitleParser.extractTitles deduplicates titles that appear multiple times                                00:03 +131 ~1 -7: /Users/Shared/augmented-ai-apps/imdb/test/utils/ai_title_parser_test.dart: AiTitleParser.extractTitles ignores very short bold text (single words like emphasis)                     00:03 +132 ~1 -7: /Users/Shared/augmented-ai-apps/imdb/test/utils/ai_title_parser_test.dart: AiTitleParser.extractTitles ignores very short bold text (single words like emphasis)                     00:03 +132 ~1 -7: /Users/Shared/augmented-ai-apps/imdb/test/utils/ai_title_parser_test.dart: AiTitleParser.extractTitles trims whitespace around extracted titles                                      00:03 +133 ~1 -7: /Users/Shared/augmented-ai-apps/imdb/test/utils/ai_title_parser_test.dart: AiTitleParser.extractTitles trims whitespace around extracted titles                                      00:03 +133 ~1 -7: loading /Users/Shared/augmented-ai-apps/imdb/test/widget_test.dart                                                                                                                   00:03 +133 ~1 -7: /Users/Shared/augmented-ai-apps/imdb/test/widget_test.dart: App Components MediaType has correct display names                                                                       00:03 +134 ~1 -7: /Users/Shared/augmented-ai-apps/imdb/test/widget_test.dart: App Components MediaType has correct display names                                                                       00:03 +134 ~1 -7: /Users/Shared/augmented-ai-apps/imdb/test/widget_test.dart: App Components StreamingProvider has all required providers                                                              00:03 +135 ~1 -7: /Users/Shared/augmented-ai-apps/imdb/test/widget_test.dart: App Components StreamingProvider has all required providers                                                              00:03 +135 ~1 -7: /Users/Shared/augmented-ai-apps/imdb/test/widget_test.dart: App Components AppTheme provides correct rating colors                                                                   00:03 +136 ~1 -7: /Users/Shared/augmented-ai-apps/imdb/test/widget_test.dart: App Components AppTheme provides correct rating colors                                                                   00:03 +136 ~1 -7: /Users/Shared/augmented-ai-apps/imdb/test/widget_test.dart: App Components AppTheme has correct brand colors                                                                         00:03 +137 ~1 -7: /Users/Shared/augmented-ai-apps/imdb/test/widget_test.dart: App Components AppTheme has correct brand colors                                                                         00:03 +137 ~1 -7: /Users/Shared/augmented-ai-apps/imdb/test/widget_test.dart: App Components AppTheme spacing constants are defined                                                                    00:03 +138 ~1 -7: /Users/Shared/augmented-ai-apps/imdb/test/widget_test.dart: App Components AppTheme spacing constants are defined                                                                    00:03 +138 ~1 -7: loading /Users/Shared/augmented-ai-apps/imdb/test/utils/analytics_service_test.dart                                                                                                  00:03 +138 ~1 -7: /Users/Shared/augmented-ai-apps/imdb/test/utils/analytics_service_test.dart: AnalyticsService screenNameForTab index 0 → home                                                        00:03 +139 ~1 -7: /Users/Shared/augmented-ai-apps/imdb/test/data/constants/countries_test.dart: netflixCountries list is not empty                                                                     00:03 +140 ~1 -7: /Users/Shared/augmented-ai-apps/imdb/test/data/constants/countries_test.dart: netflixCountries list is not empty                                                                     00:03 +141 ~1 -7: /Users/Shared/augmented-ai-apps/imdb/test/data/constants/countries_test.dart: netflixCountries list is not empty                                                                     00:03 +142 ~1 -7: /Users/Shared/augmented-ai-apps/imdb/test/utils/analytics_service_test.dart: AnalyticsService screenNameForTab index 3 → my_list                                                     00:03 +143 ~1 -7: /Users/Shared/augmented-ai-apps/imdb/test/data/constants/countries_test.dart: netflixCountries has reasonable number of countries                                                    00:03 +144 ~1 -7: /Users/Shared/augmented-ai-apps/imdb/test/utils/analytics_service_test.dart: AnalyticsService screenNameForTab index 4 → settings                                                    00:03 +145 ~1 -7: /Users/Shared/augmented-ai-apps/imdb/test/data/constants/countries_test.dart: netflixCountries all entries have required fields                                                      00:03 +146 ~1 -7: /Users/Shared/augmented-ai-apps/imdb/test/data/constants/countries_test.dart: netflixCountries all entries have required fields                                                      00:03 +147 ~1 -7: /Users/Shared/augmented-ai-apps/imdb/test/data/constants/countries_test.dart: netflixCountries all entries have required fields                                                      00:03 +148 ~1 -7: /Users/Shared/augmented-ai-apps/imdb/test/data/constants/countries_test.dart: netflixCountries all entries have required fields                                                      00:03 +149 ~1 -7: /Users/Shared/augmented-ai-apps/imdb/test/data/constants/countries_test.dart: netflixCountries all entries have required fields                                                      00:03 +150 ~1 -7: /Users/Shared/augmented-ai-apps/imdb/test/data/constants/countries_test.dart: netflixCountries all entries have required fields                                                      00:03 +150 ~1 -7: /Users/Shared/augmented-ai-apps/imdb/test/data/constants/countries_test.dart: netflixCountries no duplicate country codes                                                            00:03 +151 ~1 -7: /Users/Shared/augmented-ai-apps/imdb/test/data/constants/countries_test.dart: netflixCountries no duplicate country codes                                                            00:03 +151 ~1 -7: /Users/Shared/augmented-ai-apps/imdb/test/data/constants/countries_test.dart: netflixCountries contains key countries                                                                00:03 +152 ~1 -7: /Users/Shared/augmented-ai-apps/imdb/test/data/constants/countries_test.dart: netflixCountries contains key countries                                                                00:03 +152 ~1 -7: /Users/Shared/augmented-ai-apps/imdb/test/data/constants/countries_test.dart: netflixCountries Germany entry has correct German name                                                 00:03 +153 ~1 -7: /Users/Shared/augmented-ai-apps/imdb/test/data/constants/countries_test.dart: netflixCountries Germany entry has correct German name                                                 00:03 +153 ~1 -7: /Users/Shared/augmented-ai-apps/imdb/test/data/constants/countries_test.dart: netflixCountries USA entry has correct name                                                            00:03 +154 ~1 -7: /Users/Shared/augmented-ai-apps/imdb/test/data/constants/countries_test.dart: netflixCountries USA entry has correct name                                                            00:03 +154 ~1 -7: /Users/Shared/augmented-ai-apps/imdb/test/data/constants/countries_test.dart: netflixCountries all country codes are uppercase                                                       00:03 +155 ~1 -7: /Users/Shared/augmented-ai-apps/imdb/test/data/constants/countries_test.dart: netflixCountries all country codes are uppercase                                                       00:03 +155 ~1 -7: /Users/Shared/augmented-ai-apps/imdb/test/data/constants/countries_test.dart: netflixCountries all flags are non-empty emoji strings                                                 00:03 +156 ~1 -7: /Users/Shared/augmented-ai-apps/imdb/test/data/constants/countries_test.dart: netflixCountries all flags are non-empty emoji strings                                                 00:03 +156 ~1 -7: loading /Users/Shared/augmented-ai-apps/imdb/test/data/repositories/watch_history_repository_test.dart                                                                               00:03 +156 ~1 -7: /Users/Shared/augmented-ai-apps/imdb/test/data/repositories/watch_history_repository_test.dart: WatchHistoryRepository _safeBox guard throws StateError when not initialized         00:03 +157 ~1 -7: /Users/Shared/augmented-ai-apps/imdb/test/data/repositories/watch_history_repository_test.dart: WatchHistoryRepository _safeBox guard throws StateError when not initialized         00:03 +157 ~1 -7: /Users/Shared/augmented-ai-apps/imdb/test/data/repositories/watch_history_repository_test.dart: WatchHistoryRepository addToHistory / getEntry stores and retrieves an entry         00:03 +158 ~1 -7: /Users/Shared/augmented-ai-apps/imdb/test/data/repositories/watch_history_repository_test.dart: WatchHistoryRepository addToHistory / getEntry stores and retrieves an entry         00:03 +158 ~1 -7: /Users/Shared/augmented-ai-apps/imdb/test/data/repositories/watch_history_repository_test.dart: WatchHistoryRepository addToHistory / getEntry returns null for non-existent entry   00:03 +159 ~1 -7: /Users/Shared/augmented-ai-apps/imdb/test/data/repositories/watch_history_repository_test.dart: WatchHistoryRepository addToHistory / getEntry returns null for non-existent entry   00:03 +159 ~1 -7: /Users/Shared/augmented-ai-apps/imdb/test/data/repositories/watch_history_repository_test.dart: WatchHistoryRepository markAsWatched creates entry from Media and stores it          00:03 +160 ~1 -7: /Users/Shared/augmented-ai-apps/imdb/test/data/repositories/watch_history_repository_test.dart: WatchHistoryRepository markAsWatched creates entry from Media and stores it          00:03 +160 ~1 -7: /Users/Shared/augmented-ai-apps/imdb/test/data/repositories/watch_history_repository_test.dart: WatchHistoryRepository updateEntry updates an existing entry in place                00:03 +161 ~1 -7: /Users/Shared/augmented-ai-apps/imdb/test/data/repositories/watch_history_repository_test.dart: WatchHistoryRepository updateEntry updates an existing entry in place                00:03 +161 ~1 -7: /Users/Shared/augmented-ai-apps/imdb/test/data/repositories/watch_history_repository_test.dart: WatchHistoryRepository removeFromHistory removes an existing entry                   00:03 +162 ~1 -7: /Users/Shared/augmented-ai-apps/imdb/test/data/repositories/watch_history_repository_test.dart: WatchHistoryRepository removeFromHistory removes an existing entry                   00:03 +162 ~1 -7: /Users/Shared/augmented-ai-apps/imdb/test/data/repositories/watch_history_repository_test.dart: WatchHistoryRepository removeFromHistory does nothing for non-existent entry         00:03 +163 ~1 -7: /Users/Shared/augmented-ai-apps/imdb/test/data/repositories/watch_history_repository_test.dart: WatchHistoryRepository removeFromHistory does nothing for non-existent entry         00:03 +163 ~1 -7: /Users/Shared/augmented-ai-apps/imdb/test/data/repositories/watch_history_repository_test.dart: WatchHistoryRepository hasWatched returns true when entry exists                     00:03 +164 ~1 -7: /Users/Shared/augmented-ai-apps/imdb/test/data/repositories/watch_history_repository_test.dart: WatchHistoryRepository hasWatched returns true when entry exists                     00:03 +164 ~1 -7: /Users/Shared/augmented-ai-apps/imdb/test/data/repositories/watch_history_repository_test.dart: WatchHistoryRepository hasWatched returns false when entry does not exist            00:03 +165 ~1 -7: /Users/Shared/augmented-ai-apps/imdb/test/data/repositories/watch_history_repository_test.dart: WatchHistoryRepository hasWatched returns false when entry does not exist            00:03 +165 ~1 -7: /Users/Shared/augmented-ai-apps/imdb/test/data/repositories/watch_history_repository_test.dart: WatchHistoryRepository hasWatched distinguishes by media type                        00:03 +166 ~1 -7: /Users/Shared/augmented-ai-apps/imdb/test/data/repositories/watch_history_repository_test.dart: WatchHistoryRepository hasWatched distinguishes by media type                        00:03 +166 ~1 -7: /Users/Shared/augmented-ai-apps/imdb/test/data/repositories/watch_history_repository_test.dart: WatchHistoryRepository getAllEntries returns empty list when no entries              00:03 +167 ~1 -7: /Users/Shared/augmented-ai-apps/imdb/test/data/repositories/watch_history_repository_test.dart: WatchHistoryRepository getAllEntries returns empty list when no entries              00:03 +167 ~1 -7: /Users/Shared/augmented-ai-apps/imdb/test/data/repositories/watch_history_repository_test.dart: ... getAllEntries returns all entries sorted by watchedAt descending                 00:03 +168 ~1 -7: /Users/Shared/augmented-ai-apps/imdb/test/data/repositories/watch_history_repository_test.dart: ... getAllEntries returns all entries sorted by watchedAt descending                 00:03 +168 ~1 -7: /Users/Shared/augmented-ai-apps/imdb/test/data/repositories/watch_history_repository_test.dart: WatchHistoryRepository getRecentlyWatched returns limited number of entries          00:03 +169 ~1 -7: /Users/Shared/augmented-ai-apps/imdb/test/data/repositories/watch_history_repository_test.dart: WatchHistoryRepository getRecentlyWatched returns limited number of entries          00:03 +169 ~1 -7: /Users/Shared/augmented-ai-apps/imdb/test/data/repositories/watch_history_repository_test.dart: WatchHistoryRepository getRecentlyWatched returns all if fewer than limit            00:03 +170 ~1 -7: /Users/Shared/augmented-ai-apps/imdb/test/data/repositories/watch_history_repository_test.dart: WatchHistoryRepository getRecentlyWatched returns all if fewer than limit            00:03 +170 ~1 -7: /Users/Shared/augmented-ai-apps/imdb/test/data/repositories/watch_history_repository_test.dart: WatchHistoryRepository getEntriesByType filters by movie type                        00:03 +171 ~1 -7: /Users/Shared/augmented-ai-apps/imdb/test/data/repositories/watch_history_repository_test.dart: WatchHistoryRepository getEntriesByType filters by movie type                        00:03 +171 ~1 -7: /Users/Shared/augmented-ai-apps/imdb/test/data/repositories/watch_history_repository_test.dart: WatchHistoryRepository getEntriesByType filters by tv type                           00:03 +172 ~1 -7: /Users/Shared/augmented-ai-apps/imdb/test/data/repositories/watch_history_repository_test.dart: WatchHistoryRepository getEntriesByType filters by tv type                           00:03 +172 ~1 -7: /Users/Shared/augmented-ai-apps/imdb/test/data/repositories/watch_history_repository_test.dart: WatchHistoryRepository getRatedEntries returns only entries with ratings             00:03 +173 ~1 -7: /Users/Shared/augmented-ai-apps/imdb/test/data/repositories/watch_history_repository_test.dart: WatchHistoryRepository getRatedEntries returns only entries with ratings             00:03 +173 ~1 -7: /Users/Shared/augmented-ai-apps/imdb/test/data/repositories/watch_history_repository_test.dart: ... getHighlyRated returns entries rated above default threshold (7.0)               00:03 +174 ~1 -7: /Users/Shared/augmented-ai-apps/imdb/test/data/repositories/watch_history_repository_test.dart: ... getHighlyRated returns entries rated above default threshold (7.0)               00:03 +174 ~1 -7: /Users/Shared/augmented-ai-apps/imdb/test/data/repositories/watch_history_repository_test.dart: WatchHistoryRepository getHighlyRated respects custom minimum rating                 00:03 +175 ~1 -7: /Users/Shared/augmented-ai-apps/imdb/test/data/repositories/watch_history_repository_test.dart: WatchHistoryRepository getHighlyRated respects custom minimum rating                 00:03 +175 ~1 -7: /Users/Shared/augmented-ai-apps/imdb/test/data/repositories/watch_history_repository_test.dart: WatchHistoryRepository getGenreFrequency counts genre occurrences using callback     00:03 +176 ~1 -7: /Users/Shared/augmented-ai-apps/imdb/test/data/repositories/watch_history_repository_test.dart: WatchHistoryRepository getGenreFrequency counts genre occurrences using callback     00:03 +176 ~1 -7: /Users/Shared/augmented-ai-apps/imdb/test/data/repositories/watch_history_repository_test.dart: WatchHistoryRepository totalCount returns 0 when empty                               00:03 +177 ~1 -7: /Users/Shared/augmented-ai-apps/imdb/test/data/repositories/watch_history_repository_test.dart: WatchHistoryRepository totalCount returns 0 when empty                               00:03 +177 ~1 -7: /Users/Shared/augmented-ai-apps/imdb/test/data/repositories/watch_history_repository_test.dart: WatchHistoryRepository totalCount returns correct count                              00:03 +178 ~1 -7: /Users/Shared/augmented-ai-apps/imdb/test/data/repositories/watch_history_repository_test.dart: WatchHistoryRepository totalCount returns correct count                              00:03 +178 ~1 -7: /Users/Shared/augmented-ai-apps/imdb/test/data/repositories/watch_history_repository_test.dart: WatchHistoryRepository getCountByType returns correct count by type                  00:03 +179 ~1 -7: /Users/Shared/augmented-ai-apps/imdb/test/data/repositories/watch_history_repository_test.dart: WatchHistoryRepository getCountByType returns correct count by type                  00:03 +179 ~1 -7: /Users/Shared/augmented-ai-apps/imdb/test/data/repositories/watch_history_repository_test.dart: WatchHistoryRepository clearAll removes all entries                                  00:03 +180 ~1 -7: /Users/Shared/augmented-ai-apps/imdb/test/data/repositories/watch_history_repository_test.dart: WatchHistoryRepository clearAll removes all entries                                  00:03 +180 ~1 -7: loading /Users/Shared/augmented-ai-apps/imdb/test/data/repositories/watchlist_repository_test.dart                                                                                   00:03 +180 ~1 -7: /Users/Shared/augmented-ai-apps/imdb/test/data/repositories/watchlist_repository_test.dart: WatchlistRepository _safeBox guard throws StateError when not initialized                00:03 +181 ~1 -7: /Users/Shared/augmented-ai-apps/imdb/test/data/repositories/watchlist_repository_test.dart: WatchlistRepository _safeBox guard throws StateError when not initialized                00:03 +181 ~1 -7: /Users/Shared/augmented-ai-apps/imdb/test/data/repositories/watchlist_repository_test.dart: WatchlistRepository addToWatchlist / getEntry stores and retrieves an entry              00:03 +182 ~1 -7: /Users/Shared/augmented-ai-apps/imdb/test/data/repositories/watchlist_repository_test.dart: WatchlistRepository addToWatchlist / getEntry stores and retrieves an entry              00:03 +182 ~1 -7: /Users/Shared/augmented-ai-apps/imdb/test/data/repositories/watchlist_repository_test.dart: WatchlistRepository addToWatchlist / getEntry returns null for non-existent entry        00:03 +183 ~1 -7: /Users/Shared/augmented-ai-apps/imdb/test/data/repositories/watchlist_repository_test.dart: WatchlistRepository addToWatchlist / getEntry returns null for non-existent entry        00:03 +183 ~1 -7: /Users/Shared/augmented-ai-apps/imdb/test/data/repositories/watchlist_repository_test.dart: WatchlistRepository addMedia creates entry from Media and stores it                      00:03 +184 ~1 -7: /Users/Shared/augmented-ai-apps/imdb/test/data/repositories/watchlist_repository_test.dart: WatchlistRepository addMedia creates entry from Media and stores it                      00:03 +184 ~1 -7: /Users/Shared/augmented-ai-apps/imdb/test/data/repositories/watchlist_repository_test.dart: WatchlistRepository updateEntry updates an existing entry in place                       00:03 +185 ~1 -7: /Users/Shared/augmented-ai-apps/imdb/test/data/repositories/watchlist_repository_test.dart: WatchlistRepository updateEntry updates an existing entry in place                       00:03 +185 ~1 -7: /Users/Shared/augmented-ai-apps/imdb/test/data/repositories/watchlist_repository_test.dart: WatchlistRepository removeFromWatchlist removes an existing entry                        00:03 +186 ~1 -7: /Users/Shared/augmented-ai-apps/imdb/test/data/repositories/watchlist_repository_test.dart: WatchlistRepository removeFromWatchlist removes an existing entry                        00:03 +186 ~1 -7: /Users/Shared/augmented-ai-apps/imdb/test/data/repositories/watchlist_repository_test.dart: WatchlistRepository removeFromWatchlist does nothing for non-existent entry              00:03 +187 ~1 -7: /Users/Shared/augmented-ai-apps/imdb/test/data/repositories/watchlist_repository_test.dart: WatchlistRepository removeFromWatchlist does nothing for non-existent entry              00:03 +187 ~1 -7: /Users/Shared/augmented-ai-apps/imdb/test/data/repositories/watchlist_repository_test.dart: WatchlistRepository isOnWatchlist returns true when entry exists                         00:04 +188 ~1 -7: /Users/Shared/augmented-ai-apps/imdb/test/data/repositories/watchlist_repository_test.dart: WatchlistRepository isOnWatchlist returns true when entry exists                         00:04 +188 ~1 -7: /Users/Shared/augmented-ai-apps/imdb/test/data/repositories/watchlist_repository_test.dart: WatchlistRepository isOnWatchlist returns false when entry does not exist                00:04 +189 ~1 -7: /Users/Shared/augmented-ai-apps/imdb/test/data/repositories/watchlist_repository_test.dart: WatchlistRepository isOnWatchlist returns false when entry does not exist                00:04 +189 ~1 -7: /Users/Shared/augmented-ai-apps/imdb/test/data/repositories/watchlist_repository_test.dart: WatchlistRepository isOnWatchlist distinguishes by media type                            00:04 +190 ~1 -7: /Users/Shared/augmented-ai-apps/imdb/test/data/repositories/watchlist_repository_test.dart: WatchlistRepository isOnWatchlist distinguishes by media type                            00:04 +190 ~1 -7: /Users/Shared/augmented-ai-apps/imdb/test/data/repositories/watchlist_repository_test.dart: WatchlistRepository getAllEntries returns empty list when no entries                     00:04 +191 ~1 -7: /Users/Shared/augmented-ai-apps/imdb/test/data/repositories/watchlist_repository_test.dart: WatchlistRepository getAllEntries returns empty list when no entries                     00:04 +191 ~1 -7: /Users/Shared/augmented-ai-apps/imdb/test/data/repositories/watchlist_repository_test.dart: WatchlistRepository getAllEntries returns all entries sorted by addedAt descending       00:04 +192 ~1 -7: /Users/Shared/augmented-ai-apps/imdb/test/data/repositories/watchlist_repository_test.dart: WatchlistRepository getAllEntries returns all entries sorted by addedAt descending       00:04 +192 ~1 -7: /Users/Shared/augmented-ai-apps/imdb/test/data/repositories/watchlist_repository_test.dart: WatchlistRepository totalCount returns 0 when empty                                      00:04 +193 ~1 -7: /Users/Shared/augmented-ai-apps/imdb/test/data/repositories/watchlist_repository_test.dart: WatchlistRepository totalCount returns 0 when empty                                      00:04 +193 ~1 -7: /Users/Shared/augmented-ai-apps/imdb/test/data/repositories/watchlist_repository_test.dart: WatchlistRepository totalCount returns correct count                                     00:04 +194 ~1 -7: /Users/Shared/augmented-ai-apps/imdb/test/data/repositories/watchlist_repository_test.dart: WatchlistRepository totalCount returns correct count                                     00:04 +194 ~1 -7: /Users/Shared/augmented-ai-apps/imdb/test/data/repositories/watchlist_repository_test.dart: WatchlistRepository clearAll removes all entries                                         00:04 +195 ~1 -7: /Users/Shared/augmented-ai-apps/imdb/test/data/repositories/watchlist_repository_test.dart: WatchlistRepository clearAll removes all entries                                         00:04 +195 ~1 -7: loading /Users/Shared/augmented-ai-apps/imdb/test/data/repositories/user_preferences_repository_test.dart                                                                            00:04 +195 ~1 -7: /Users/Shared/augmented-ai-apps/imdb/test/data/repositories/user_preferences_repository_test.dart: UserPreferencesRepository _safeBox guard throws StateError when not initialized   00:04 +196 ~1 -7: /Users/Shared/augmented-ai-apps/imdb/test/data/repositories/user_preferences_repository_test.dart: UserPreferencesRepository _safeBox guard throws StateError when not initialized   00:04 +196 ~1 -7: /Users/Shared/augmented-ai-apps/imdb/test/data/repositories/user_preferences_repository_test.dart: ... getPreferences returns defaultDE when no preferences saved                    00:04 +197 ~1 -7: /Users/Shared/augmented-ai-apps/imdb/test/data/repositories/user_preferences_repository_test.dart: ... getPreferences returns defaultDE when no preferences saved                    00:04 +197 ~1 -7: /Users/Shared/augmented-ai-apps/imdb/test/data/repositories/user_preferences_repository_test.dart: ... / getPreferences round-trip saves and retrieves preferences correctly         00:04 +198 ~1 -7: /Users/Shared/augmented-ai-apps/imdb/test/data/repositories/user_preferences_repository_test.dart: ... / getPreferences round-trip saves and retrieves preferences correctly         00:04 +198 ~1 -7: /Users/Shared/augmented-ai-apps/imdb/test/data/repositories/user_preferences_repository_test.dart: UserPreferencesRepository hasPreferences returns false when no preferences saved  00:04 +199 ~1 -7: /Users/Shared/augmented-ai-apps/imdb/test/data/repositories/user_preferences_repository_test.dart: UserPreferencesRepository hasPreferences returns false when no preferences saved  00:04 +199 ~1 -7: /Users/Shared/augmented-ai-apps/imdb/test/data/repositories/user_preferences_repository_test.dart: UserPreferencesRepository hasPreferences returns true after saving preferences    00:04 +200 ~1 -7: /Users/Shared/augmented-ai-apps/imdb/test/data/repositories/user_preferences_repository_test.dart: UserPreferencesRepository hasPreferences returns true after saving preferences    00:04 +200 ~1 -7: /Users/Shared/augmented-ai-apps/imdb/test/data/repositories/user_preferences_repository_test.dart: UserPreferencesRepository updateCountry updates country code and name             00:04 +201 ~1 -7: /Users/Shared/augmented-ai-apps/imdb/test/data/repositories/user_preferences_repository_test.dart: UserPreferencesRepository updateCountry updates country code and name             00:04 +201 ~1 -7: /Users/Shared/augmented-ai-apps/imdb/test/data/repositories/user_preferences_repository_test.dart: ... updateCountry resets services to country defaults when updating country       00:04 +202 ~1 -7: /Users/Shared/augmented-ai-apps/imdb/test/data/repositories/user_preferences_repository_test.dart: ... updateCountry resets services to country defaults when updating country       00:04 +202 ~1 -7: /Users/Shared/augmented-ai-apps/imdb/test/data/repositories/user_preferences_repository_test.dart: UserPreferencesRepository addStreamingService adds a new streaming service        00:04 +203 ~1 -7: /Users/Shared/augmented-ai-apps/imdb/test/data/repositories/user_preferences_repository_test.dart: UserPreferencesRepository addStreamingService adds a new streaming service        00:04 +203 ~1 -7: /Users/Shared/augmented-ai-apps/imdb/test/data/repositories/user_preferences_repository_test.dart: ... is idempotent — adding same service twice does not duplicate                  00:04 +204 ~1 -7: /Users/Shared/augmented-ai-apps/imdb/test/data/repositories/user_preferences_repository_test.dart: ... is idempotent — adding same service twice does not duplicate                  00:04 +205 ~1 -7: /Users/Shared/augmented-ai-apps/imdb/test/data/repositories/dismissed_repository_test.dart: DismissedRepository dismiss / isDismissed dismissed item returns true                    00:04 +206 ~1 -7: /Users/Shared/augmented-ai-apps/imdb/test/data/repositories/dismissed_repository_test.dart: DismissedRepository dismiss / isDismissed dismissed item returns true                    00:04 +207 ~1 -7: /Users/Shared/augmented-ai-apps/imdb/test/data/repositories/dismissed_repository_test.dart: DismissedRepository dismiss / isDismissed dismissed item returns true                    00:04 +208 ~1 -7: /Users/Shared/augmented-ai-apps/imdb/test/data/repositories/dismissed_repository_test.dart: DismissedRepository dismiss / isDismissed dismissed item returns true                    00:04 +209 ~1 -7: /Users/Shared/augmented-ai-apps/imdb/test/data/repositories/dismissed_repository_test.dart: DismissedRepository dismiss / isDismissed dismissed item returns true                    00:04 +210 ~1 -7: /Users/Shared/augmented-ai-apps/imdb/test/data/repositories/dismissed_repository_test.dart: DismissedRepository dismiss / isDismissed dismissed item returns true                    00:04 +211 ~1 -7: /Users/Shared/augmented-ai-apps/imdb/test/data/repositories/dismissed_repository_test.dart: DismissedRepository dismiss / isDismissed dismissed item returns true                    00:04 +212 ~1 -7: /Users/Shared/augmented-ai-apps/imdb/test/data/repositories/dismissed_repository_test.dart: DismissedRepository dismiss / isDismissed dismissed item returns true                    00:04 +213 ~1 -7: /Users/Shared/augmented-ai-apps/imdb/test/data/repositories/dismissed_repository_test.dart: DismissedRepository dismiss / isDismissed dismissed item returns true                    00:04 +214 ~1 -7: /Users/Shared/augmented-ai-apps/imdb/test/data/repositories/dismissed_repository_test.dart: DismissedRepository dismiss / isDismissed dismissed item returns true                    00:04 +215 ~1 -7: /Users/Shared/augmented-ai-apps/imdb/test/data/repositories/dismissed_repository_test.dart: DismissedRepository dismiss / isDismissed dismissed item returns true                    00:04 +216 ~1 -7: /Users/Shared/augmented-ai-apps/imdb/test/data/repositories/dismissed_repository_test.dart: DismissedRepository dismiss / isDismissed dismissed item returns true                    00:04 +217 ~1 -7: /Users/Shared/augmented-ai-apps/imdb/test/data/repositories/dismissed_repository_test.dart: DismissedRepository dismiss / isDismissed dismissed item returns true                    00:04 +218 ~1 -7: /Users/Shared/augmented-ai-apps/imdb/test/data/repositories/dismissed_repository_test.dart: DismissedRepository dismiss / isDismissed dismissed item returns true                    00:04 +219 ~1 -7: /Users/Shared/augmented-ai-apps/imdb/test/data/repositories/dismissed_repository_test.dart: DismissedRepository dismiss / isDismissed dismissed item returns true                    00:04 +220 ~1 -7: /Users/Shared/augmented-ai-apps/imdb/test/data/repositories/dismissed_repository_test.dart: DismissedRepository dismiss / isDismissed dismissed item returns true                    00:04 +221 ~1 -7: /Users/Shared/augmented-ai-apps/imdb/test/data/repositories/dismissed_repository_test.dart: DismissedRepository dismiss / isDismissed dismissed item returns true                    00:04 +222 ~1 -7: /Users/Shared/augmented-ai-apps/imdb/test/data/repositories/dismissed_repository_test.dart: DismissedRepository dismiss / isDismissed dismissed item returns true                    00:04 +223 ~1 -7: /Users/Shared/augmented-ai-apps/imdb/test/data/repositories/dismissed_repository_test.dart: DismissedRepository dismiss / isDismissed dismissed item returns true                    00:04 +224 ~1 -7: /Users/Shared/augmented-ai-apps/imdb/test/data/repositories/dismissed_repository_test.dart: DismissedRepository dismiss / isDismissed dismissed item returns true                    00:04 +225 ~1 -7: /Users/Shared/augmented-ai-apps/imdb/test/data/repositories/dismissed_repository_test.dart: DismissedRepository dismiss / isDismissed dismissed item returns true                    00:04 +226 ~1 -7: /Users/Shared/augmented-ai-apps/imdb/test/data/repositories/user_preferences_repository_test.dart: UserPreferencesRepository updateMaxAgeRating can change age rating value          00:04 +227 ~1 -7: /Users/Shared/augmented-ai-apps/imdb/test/data/repositories/user_preferences_repository_test.dart: UserPreferencesRepository updateMaxAgeRating can change age rating value          00:04 +228 ~1 -7: /Users/Shared/augmented-ai-apps/imdb/test/data/repositories/user_preferences_repository_test.dart: UserPreferencesRepository updateMaxAgeRating can change age rating value          00:04 +229 ~1 -7: /Users/Shared/augmented-ai-apps/imdb/test/data/repositories/dismissed_repository_test.dart: DismissedRepository dismiss / isDismissed non-dismissed item returns false               00:04 +230 ~1 -7: /Users/Shared/augmented-ai-apps/imdb/test/data/repositories/dismissed_repository_test.dart: DismissedRepository dismiss / isDismissed non-dismissed item returns false               00:04 +231 ~1 -7: /Users/Shared/augmented-ai-apps/imdb/test/data/repositories/user_preferences_repository_test.dart: ... updateMaxAgeRating null keeps existing value (copyWith semantics)             00:04 +232 ~1 -7: /Users/Shared/augmented-ai-apps/imdb/test/data/repositories/dismissed_repository_test.dart: DismissedRepository dismiss / isDismissed different key formats work                     00:04 +233 ~1 -7: /Users/Shared/augmented-ai-apps/imdb/test/data/repositories/dismissed_repository_test.dart: DismissedRepository dismiss / isDismissed different key formats work                     00:04 +233 ~1 -7: /Users/Shared/augmented-ai-apps/imdb/test/data/repositories/user_preferences_repository_test.dart: UserPreferencesRepository addFavoriteGenre adds a genre to favorites              00:04 +234 ~1 -7: /Users/Shared/augmented-ai-apps/imdb/test/data/repositories/dismissed_repository_test.dart: DismissedRepository getAllDismissed returns empty set when nothing dismissed             00:04 +235 ~1 -7: /Users/Shared/augmented-ai-apps/imdb/test/data/repositories/user_preferences_repository_test.dart: ... addFavoriteGenre is idempotent — adding same genre twice does not duplicate   00:04 +236 ~1 -7: /Users/Shared/augmented-ai-apps/imdb/test/data/repositories/dismissed_repository_test.dart: DismissedRepository getAllDismissed returns all dismissed keys                           00:04 +237 ~1 -7: /Users/Shared/augmented-ai-apps/imdb/test/data/repositories/user_preferences_repository_test.dart: UserPreferencesRepository removeFavoriteGenre removes a genre from favorites      00:04 +238 ~1 -7: /Users/Shared/augmented-ai-apps/imdb/test/data/repositories/user_preferences_repository_test.dart: UserPreferencesRepository removeFavoriteGenre removes a genre from favorites      00:04 +239 ~1 -7: /Users/Shared/augmented-ai-apps/imdb/test/data/repositories/user_preferences_repository_test.dart: UserPreferencesRepository removeFavoriteGenre removes a genre from favorites      00:04 +239 ~1 -7: /Users/Shared/augmented-ai-apps/imdb/test/data/repositories/dismissed_repository_test.dart: DismissedRepository undismiss removes a dismissed item                                   00:04 +240 ~1 -7: /Users/Shared/augmented-ai-apps/imdb/test/data/repositories/dismissed_repository_test.dart: DismissedRepository undismiss removes a dismissed item                                   00:04 +241 ~1 -7: /Users/Shared/augmented-ai-apps/imdb/test/data/repositories/user_preferences_repository_test.dart: UserPreferencesRepository clear removes all preferences                           00:04 +242 ~1 -7: /Users/Shared/augmented-ai-apps/imdb/test/data/repositories/user_preferences_repository_test.dart: UserPreferencesRepository clear removes all preferences                           00:04 +243 ~1 -7: /Users/Shared/augmented-ai-apps/imdb/test/data/repositories/user_preferences_repository_test.dart: UserPreferencesRepository clear removes all preferences                           00:04 +243 ~1 -7: /Users/Shared/augmented-ai-apps/imdb/test/data/repositories/dismissed_repository_test.dart: DismissedRepository clearAll removes all dismissed items                                 00:04 +244 ~1 -7: /Users/Shared/augmented-ai-apps/imdb/test/data/repositories/dismissed_repository_test.dart: DismissedRepository clearAll removes all dismissed items                                 00:04 +244 ~1 -7: /Users/Shared/augmented-ai-apps/imdb/test/data/repositories/dismissed_repository_test.dart: DismissedRepository clearAll clearing empty repo is safe                                 00:04 +245 ~1 -7: /Users/Shared/augmented-ai-apps/imdb/test/data/repositories/dismissed_repository_test.dart: DismissedRepository clearAll clearing empty repo is safe                                 00:04 +245 ~1 -7: /Users/Shared/augmented-ai-apps/imdb/test/data/repositories/dismissed_repository_test.dart: DismissedRepository lazy init calling init multiple times is safe                        00:04 +246 ~1 -7: /Users/Shared/augmented-ai-apps/imdb/test/data/repositories/dismissed_repository_test.dart: DismissedRepository lazy init calling init multiple times is safe                        00:04 +246 ~1 -7: loading /Users/Shared/augmented-ai-apps/imdb/test/data/models/watch_history_entry_test.dart                                                                                          00:04 +246 ~1 -7: /Users/Shared/augmented-ai-apps/imdb/test/data/models/watch_history_entry_test.dart: WatchHistoryEntry should create entry with all required fields                                  00:04 +247 ~1 -7: /Users/Shared/augmented-ai-apps/imdb/test/data/models/user_preferences_test.dart: UserPreferences defaultDE should have 4 commercial providers                                       00:04 +248 ~1 -7: /Users/Shared/augmented-ai-apps/imdb/test/data/models/user_preferences_test.dart: UserPreferences defaultDE should have 4 commercial providers                                       00:04 +249 ~1 -7: /Users/Shared/augmented-ai-apps/imdb/test/data/models/user_preferences_test.dart: UserPreferences defaultDE should have 4 commercial providers                                       00:04 +250 ~1 -7: /Users/Shared/augmented-ai-apps/imdb/test/data/models/watch_history_entry_test.dart: WatchHistoryEntry copyWith should create new instance with updated fields                       00:04 +251 ~1 -7: /Users/Shared/augmented-ai-apps/imdb/test/data/models/watch_history_entry_test.dart: WatchHistoryEntry copyWith should create new instance with updated fields                       00:04 +251 ~1 -7: /Users/Shared/augmented-ai-apps/imdb/test/data/models/user_preferences_test.dart: UserPreferences defaultDE should be country DE                                                     00:04 +252 ~1 -7: /Users/Shared/augmented-ai-apps/imdb/test/data/models/watch_history_entry_test.dart: WatchHistoryEntry JSON serialization toJson should serialize all fields                         00:04 +253 ~1 -7: /Users/Shared/augmented-ai-apps/imdb/test/data/models/user_preferences_test.dart: UserPreferences subscribedServices should resolve IDs to StreamingProvider objects                 00:04 +254 ~1 -7: /Users/Shared/augmented-ai-apps/imdb/test/data/models/watch_history_entry_test.dart: WatchHistoryEntry JSON serialization fromJson should deserialize correctly                      00:04 +255 ~1 -7: /Users/Shared/augmented-ai-apps/imdb/test/data/models/watch_history_entry_test.dart: WatchHistoryEntry JSON serialization fromJson should deserialize correctly                      00:04 +256 ~1 -7: /Users/Shared/augmented-ai-apps/imdb/test/data/models/watch_history_entry_test.dart: WatchHistoryEntry JSON serialization fromJson should deserialize correctly                      00:04 +257 ~1 -7: /Users/Shared/augmented-ai-apps/imdb/test/data/models/watch_history_entry_test.dart: WatchHistoryEntry JSON serialization fromJson should deserialize correctly                      00:04 +258 ~1 -7: /Users/Shared/augmented-ai-apps/imdb/test/data/models/watch_history_entry_test.dart: WatchHistoryEntry JSON serialization fromJson should deserialize correctly                      00:04 +258 ~1 -7: /Users/Shared/augmented-ai-apps/imdb/test/data/models/user_preferences_test.dart: UserPreferences copyWith should update subscribedServiceIds                                        00:04 +259 ~1 -7: /Users/Shared/augmented-ai-apps/imdb/test/data/models/watch_history_entry_test.dart: WatchHistoryEntry JSON serialization fromJson should handle missing optional fields             00:04 +260 ~1 -7: /Users/Shared/augmented-ai-apps/imdb/test/data/models/user_preferences_test.dart: UserPreferences copyWith to empty services should work                                             00:04 +261 ~1 -7: /Users/Shared/augmented-ai-apps/imdb/test/data/models/watch_history_entry_test.dart: WatchHistoryEntry JSON serialization fromJson should default to movie for unknown mediaType     00:04 +262 ~1 -7: /Users/Shared/augmented-ai-apps/imdb/test/data/models/user_preferences_test.dart: UserPreferences toJson and fromJson roundtrip                                                      00:04 +263 ~1 -7: /Users/Shared/augmented-ai-apps/imdb/test/data/models/watch_history_entry_test.dart: WatchHistoryEntry JSON serialization round-trip serialization should preserve data              00:04 +264 ~1 -7: /Users/Shared/augmented-ai-apps/imdb/test/data/models/watch_history_entry_test.dart: WatchHistoryEntry JSON serialization round-trip serialization should preserve data              00:04 +265 ~1 -7: /Users/Shared/augmented-ai-apps/imdb/test/data/models/media_test.dart: Media should create Media with all required fields                                                            00:04 +266 ~1 -7: /Users/Shared/augmented-ai-apps/imdb/test/data/models/media_test.dart: Media should create Media with all required fields                                                            00:04 +267 ~1 -7: /Users/Shared/augmented-ai-apps/imdb/test/data/models/media_test.dart: Media should create Media with all required fields                                                            00:04 +268 ~1 -7: /Users/Shared/augmented-ai-apps/imdb/test/data/models/media_test.dart: Media should create Media with all required fields                                                            00:04 +269 ~1 -7: /Users/Shared/augmented-ai-apps/imdb/test/data/models/media_test.dart: Media should create Media with all required fields                                                            00:04 +270 ~1 -7: /Users/Shared/augmented-ai-apps/imdb/test/data/models/media_test.dart: Media should create Media with all required fields                                                            00:04 +271 ~1 -7: /Users/Shared/augmented-ai-apps/imdb/test/data/models/media_test.dart: Media should create Media with all required fields                                                            00:04 +272 ~1 -7: /Users/Shared/augmented-ai-apps/imdb/test/data/models/media_test.dart: Media should create Media with all required fields                                                            00:04 +273 ~1 -7: /Users/Shared/augmented-ai-apps/imdb/test/data/models/media_test.dart: Media should create Media with all required fields                                                            00:04 +274 ~1 -7: /Users/Shared/augmented-ai-apps/imdb/test/data/models/user_preferences_test.dart: UserPreferences copyWith should update includeAdult                                                00:04 +275 ~1 -7: /Users/Shared/augmented-ai-apps/imdb/test/data/models/user_preferences_test.dart: UserPreferences copyWith should update includeAdult                                                00:04 +275 ~1 -7: /Users/Shared/augmented-ai-apps/imdb/test/data/models/media_test.dart: Media fullPosterPath should return complete URL                                                               00:04 +276 ~1 -7: /Users/Shared/augmented-ai-apps/imdb/test/data/models/user_preferences_test.dart: UserPreferences serialization should handle includeAdult                                           00:04 +277 ~1 -7: /Users/Shared/augmented-ai-apps/imdb/test/data/models/media_test.dart: Media fullPosterPath should return empty string when posterPath is null                                       00:04 +278 ~1 -7: /Users/Shared/augmented-ai-apps/imdb/test/data/models/media_test.dart: Media fullPosterPath should return empty string when posterPath is null                                       00:04 +278 ~1 -7: /Users/Shared/augmented-ai-apps/imdb/test/data/models/media_test.dart: Media fullBackdropPath should return complete URL                                                             00:04 +279 ~1 -7: /Users/Shared/augmented-ai-apps/imdb/test/data/models/media_test.dart: Media fullBackdropPath should return complete URL                                                             00:04 +279 ~1 -7: /Users/Shared/augmented-ai-apps/imdb/test/data/models/media_test.dart: Media year should return release year as string                                                               00:04 +280 ~1 -7: /Users/Shared/augmented-ai-apps/imdb/test/data/models/media_test.dart: Media year should return release year as string                                                               00:04 +280 ~1 -7: /Users/Shared/augmented-ai-apps/imdb/test/data/models/media_test.dart: Media year should return Unknown when releaseDate is null                                                     00:04 +281 ~1 -7: /Users/Shared/augmented-ai-apps/imdb/test/data/models/media_test.dart: Media year should return Unknown when releaseDate is null                                                     00:04 +281 ~1 -7: /Users/Shared/augmented-ai-apps/imdb/test/data/models/media_test.dart: Media isHighlyRated should return true for rating >= 7.0                                                      00:04 +282 ~1 -7: /Users/Shared/augmented-ai-apps/imdb/test/data/models/media_test.dart: Media isHighlyRated should return true for rating >= 7.0                                                      00:04 +282 ~1 -7: /Users/Shared/augmented-ai-apps/imdb/test/data/models/media_test.dart: Media copyWith should create new instance with updated fields                                                 00:04 +283 ~1 -7: /Users/Shared/augmented-ai-apps/imdb/test/data/models/media_test.dart: Media copyWith should create new instance with updated fields                                                 00:04 +283 ~1 -7: /Users/Shared/augmented-ai-apps/imdb/test/data/models/media_test.dart: Media copyWith with availableOn should update streaming providers                                             00:04 +284 ~1 -7: /Users/Shared/augmented-ai-apps/imdb/test/data/models/media_test.dart: Media copyWith with availableOn should update streaming providers                                             00:04 +284 ~1 -7: /Users/Shared/augmented-ai-apps/imdb/test/data/models/media_test.dart: Media fromTmdbJson should parse movie JSON correctly                                                          00:04 +285 ~1 -7: /Users/Shared/augmented-ai-apps/imdb/test/data/models/media_test.dart: Media fromTmdbJson should parse movie JSON correctly                                                          00:04 +285 ~1 -7: /Users/Shared/augmented-ai-apps/imdb/test/data/models/media_test.dart: Media fromTmdbJson should parse TV series JSON correctly                                                      00:04 +286 ~1 -7: /Users/Shared/augmented-ai-apps/imdb/test/data/models/media_test.dart: Media fromTmdbJson should parse TV series JSON correctly                                                      00:04 +286 ~1 -7: /Users/Shared/augmented-ai-apps/imdb/test/data/models/media_test.dart: Media fromTmdbJson should handle missing optional fields                                                      00:04 +287 ~1 -7: /Users/Shared/augmented-ai-apps/imdb/test/data/models/media_test.dart: Media fromTmdbJson should handle missing optional fields                                                      00:04 +287 ~1 -7: /Users/Shared/augmented-ai-apps/imdb/test/data/models/media_test.dart: Media fromTmdbJson should handle empty release_date                                                           00:04 +288 ~1 -7: /Users/Shared/augmented-ai-apps/imdb/test/data/models/media_test.dart: Media fromTmdbJson should handle empty release_date                                                           00:04 +288 ~1 -7: /Users/Shared/augmented-ai-apps/imdb/test/data/models/media_test.dart: Media equality should be based on id and type                                                                 00:04 +289 ~1 -7: /Users/Shared/augmented-ai-apps/imdb/test/data/models/media_test.dart: Media equality should be based on id and type                                                                 00:04 +289 ~1 -7: /Users/Shared/augmented-ai-apps/imdb/test/data/models/media_test.dart: MediaType displayName returns English fallback names                                                          00:04 +290 ~1 -7: /Users/Shared/augmented-ai-apps/imdb/test/data/models/media_test.dart: MediaType displayName returns English fallback names                                                          00:04 +290 ~1 -7: /Users/Shared/augmented-ai-apps/imdb/test/data/models/media_test.dart: MediaType tmdbPath should return correct API paths                                                            00:04 +291 ~1 -7: /Users/Shared/augmented-ai-apps/imdb/test/data/models/media_test.dart: MediaType tmdbPath should return correct API paths                                                            00:04 +291 ~1 -7: loading /Users/Shared/augmented-ai-apps/imdb/test/data/models/watchlist_entry_test.dart                                                                                              00:04 +291 ~1 -7: /Users/Shared/augmented-ai-apps/imdb/test/data/models/watchlist_entry_test.dart: WatchlistPriority displayName returns English fallback labels                                       00:04 +292 ~1 -7: /Users/Shared/augmented-ai-apps/imdb/test/data/models/watchlist_entry_test.dart: WatchlistPriority displayName returns English fallback labels                                       00:04 +292 ~1 -7: /Users/Shared/augmented-ai-apps/imdb/test/data/models/watchlist_entry_test.dart: WatchlistEntry should create entry with all required fields                                         00:04 +293 ~1 -7: /Users/Shared/augmented-ai-apps/imdb/test/data/models/watchlist_entry_test.dart: WatchlistEntry should create entry with all required fields                                         00:04 +293 ~1 -7: /Users/Shared/augmented-ai-apps/imdb/test/data/models/watchlist_entry_test.dart: WatchlistEntry uniqueKey should combine type and id                                                 00:04 +294 ~1 -7: /Users/Shared/augmented-ai-apps/imdb/test/data/models/watchlist_entry_test.dart: WatchlistEntry uniqueKey should combine type and id                                                 00:04 +294 ~1 -7: /Users/Shared/augmented-ai-apps/imdb/test/data/models/watchlist_entry_test.dart: WatchlistEntry fullPosterPath should return complete URL                                            00:04 +295 ~1 -7: /Users/Shared/augmented-ai-apps/imdb/test/data/models/watchlist_entry_test.dart: WatchlistEntry fullPosterPath should return complete URL                                            00:04 +295 ~1 -7: /Users/Shared/augmented-ai-apps/imdb/test/data/models/watchlist_entry_test.dart: WatchlistEntry fullPosterPath should return empty string when posterPath is null                    00:04 +296 ~1 -7: /Users/Shared/augmented-ai-apps/imdb/test/data/models/watchlist_entry_test.dart: WatchlistEntry fullPosterPath should return empty string when posterPath is null                    00:04 +296 ~1 -7: /Users/Shared/augmented-ai-apps/imdb/test/data/models/watchlist_entry_test.dart: WatchlistEntry addedAgo returns "just now" for very recent entries                                  00:04 +297 ~1 -7: /Users/Shared/augmented-ai-apps/imdb/test/data/models/watchlist_entry_test.dart: WatchlistEntry addedAgo returns "just now" for very recent entries                                  00:04 +297 ~1 -7: /Users/Shared/augmented-ai-apps/imdb/test/data/models/watchlist_entry_test.dart: WatchlistEntry addedAgo returns hours ago for entries added hours ago                               00:04 +298 ~1 -7: /Users/Shared/augmented-ai-apps/imdb/test/data/models/watchlist_entry_test.dart: WatchlistEntry addedAgo returns hours ago for entries added hours ago                               00:04 +298 ~1 -7: /Users/Shared/augmented-ai-apps/imdb/test/data/models/watchlist_entry_test.dart: WatchlistEntry addedAgo returns singular hour for 1 hour                                            00:04 +299 ~1 -7: /Users/Shared/augmented-ai-apps/imdb/test/data/models/watchlist_entry_test.dart: WatchlistEntry addedAgo returns singular hour for 1 hour                                            00:04 +299 ~1 -7: /Users/Shared/augmented-ai-apps/imdb/test/data/models/watchlist_entry_test.dart: WatchlistEntry addedAgo returns days ago for entries added days ago                                 00:04 +300 ~1 -7: /Users/Shared/augmented-ai-apps/imdb/test/data/models/watchlist_entry_test.dart: WatchlistEntry addedAgo returns days ago for entries added days ago                                 00:04 +300 ~1 -7: /Users/Shared/augmented-ai-apps/imdb/test/data/models/watchlist_entry_test.dart: WatchlistEntry addedAgo returns singular day for 1 day                                              00:04 +301 ~1 -7: /Users/Shared/augmented-ai-apps/imdb/test/data/models/watchlist_entry_test.dart: WatchlistEntry addedAgo returns singular day for 1 day                                              00:04 +301 ~1 -7: /Users/Shared/augmented-ai-apps/imdb/test/data/models/watchlist_entry_test.dart: WatchlistEntry addedAgo returns months ago for entries added months ago                             00:04 +302 ~1 -7: /Users/Shared/augmented-ai-apps/imdb/test/data/models/watchlist_entry_test.dart: WatchlistEntry addedAgo returns months ago for entries added months ago                             00:04 +302 ~1 -7: /Users/Shared/augmented-ai-apps/imdb/test/data/models/watchlist_entry_test.dart: WatchlistEntry addedAgo returns singular month for 1 month                                          00:04 +303 ~1 -7: /Users/Shared/augmented-ai-apps/imdb/test/data/models/watchlist_entry_test.dart: WatchlistEntry addedAgo returns singular month for 1 month                                          00:04 +303 ~1 -7: /Users/Shared/augmented-ai-apps/imdb/test/data/models/watchlist_entry_test.dart: WatchlistEntry addedAgo returns years ago for entries added years ago                               00:04 +304 ~1 -7: /Users/Shared/augmented-ai-apps/imdb/test/data/models/watchlist_entry_test.dart: WatchlistEntry addedAgo returns years ago for entries added years ago                               00:04 +304 ~1 -7: /Users/Shared/augmented-ai-apps/imdb/test/data/models/watchlist_entry_test.dart: WatchlistEntry addedAgo returns singular year for 1 year                                            00:04 +305 ~1 -7: /Users/Shared/augmented-ai-apps/imdb/test/data/models/watchlist_entry_test.dart: WatchlistEntry addedAgo returns singular year for 1 year                                            00:04 +305 ~1 -7: /Users/Shared/augmented-ai-apps/imdb/test/data/models/watchlist_entry_test.dart: WatchlistEntry copyWith should create new instance with updated fields                              00:04 +306 ~1 -7: /Users/Shared/augmented-ai-apps/imdb/test/data/models/watchlist_entry_test.dart: WatchlistEntry copyWith should create new instance with updated fields                              00:04 +306 ~1 -7: /Users/Shared/augmented-ai-apps/imdb/test/data/models/watchlist_entry_test.dart: WatchlistEntry defaults: priority is normal, genreIds is empty                                      00:04 +307 ~1 -7: /Users/Shared/augmented-ai-apps/imdb/test/data/models/watchlist_entry_test.dart: WatchlistEntry defaults: priority is normal, genreIds is empty                                      00:04 +307 ~1 -7: /Users/Shared/augmented-ai-apps/imdb/test/data/models/watchlist_entry_test.dart: WatchlistEntry JSON serialization toJson should serialize all fields                                00:04 +308 ~1 -7: /Users/Shared/augmented-ai-apps/imdb/test/data/models/watchlist_entry_test.dart: WatchlistEntry JSON serialization toJson should serialize all fields                                00:04 +308 ~1 -7: /Users/Shared/augmented-ai-apps/imdb/test/data/models/watchlist_entry_test.dart: WatchlistEntry JSON serialization fromJson should deserialize correctly                             00:04 +309 ~1 -7: /Users/Shared/augmented-ai-apps/imdb/test/data/models/watchlist_entry_test.dart: WatchlistEntry JSON serialization fromJson should deserialize correctly                             00:04 +309 ~1 -7: /Users/Shared/augmented-ai-apps/imdb/test/data/models/watchlist_entry_test.dart: WatchlistEntry JSON serialization fromJson should handle missing optional fields                    00:04 +310 ~1 -7: /Users/Shared/augmented-ai-apps/imdb/test/data/models/watchlist_entry_test.dart: WatchlistEntry JSON serialization fromJson should handle missing optional fields                    00:04 +310 ~1 -7: /Users/Shared/augmented-ai-apps/imdb/test/data/models/watchlist_entry_test.dart: WatchlistEntry JSON serialization fromJson should default to movie for unknown mediaType            00:04 +311 ~1 -7: /Users/Shared/augmented-ai-apps/imdb/test/data/models/watchlist_entry_test.dart: WatchlistEntry JSON serialization fromJson should default to movie for unknown mediaType            00:04 +311 ~1 -7: /Users/Shared/augmented-ai-apps/imdb/test/data/models/watchlist_entry_test.dart: WatchlistEntry JSON serialization fromJson should default to normal for unknown priority            00:04 +312 ~1 -7: /Users/Shared/augmented-ai-apps/imdb/test/data/models/watchlist_entry_test.dart: WatchlistEntry JSON serialization fromJson should default to normal for unknown priority            00:04 +312 ~1 -7: /Users/Shared/augmented-ai-apps/imdb/test/data/models/watchlist_entry_test.dart: WatchlistEntry JSON serialization round-trip serialization should preserve data                     00:04 +313 ~1 -7: /Users/Shared/augmented-ai-apps/imdb/test/data/models/watchlist_entry_test.dart: WatchlistEntry JSON serialization round-trip serialization should preserve data                     00:04 +313 ~1 -7: /Users/Shared/augmented-ai-apps/imdb/test/data/models/watchlist_entry_test.dart: WatchlistEntry fromMedia factory should create entry from Media object                              00:04 +314 ~1 -7: /Users/Shared/augmented-ai-apps/imdb/test/data/models/watchlist_entry_test.dart: WatchlistEntry fromMedia factory should create entry from Media object                              00:04 +314 ~1 -7: /Users/Shared/augmented-ai-apps/imdb/test/data/models/watchlist_entry_test.dart: WatchlistEntry equality should be based on mediaId and mediaType                                    00:04 +315 ~1 -7: /Users/Shared/augmented-ai-apps/imdb/test/data/models/watchlist_entry_test.dart: WatchlistEntry equality should be based on mediaId and mediaType                                    00:04 +315 ~1 -7: /Users/Shared/augmented-ai-apps/imdb/test/data/models/watchlist_entry_test.dart: WatchlistEntry toString should return readable format                                               00:04 +316 ~1 -7: /Users/Shared/augmented-ai-apps/imdb/test/data/models/watchlist_entry_test.dart: WatchlistEntry toString should return readable format                                               00:04 +316 ~1 -7: loading /Users/Shared/augmented-ai-apps/imdb/test/data/models/streaming_provider_test.dart                                                                                           00:04 +316 ~1 -7: /Users/Shared/augmented-ai-apps/imdb/test/data/models/streaming_provider_test.dart: StreamingProvider should have correct predefined providers                                       00:04 +317 ~1 -7: /Users/Shared/augmented-ai-apps/imdb/test/data/models/streaming_provider_test.dart: StreamingProvider should have correct predefined providers                                       00:04 +317 ~1 -7: /Users/Shared/augmented-ai-apps/imdb/test/data/models/streaming_provider_test.dart: StreamingProvider public broadcasters should have correct TMDB IDs                               00:04 +318 ~1 -7: /Users/Shared/augmented-ai-apps/imdb/test/data/models/streaming_provider_test.dart: StreamingProvider public broadcasters should have correct TMDB IDs                               00:04 +318 ~1 -7: /Users/Shared/augmented-ai-apps/imdb/test/data/models/streaming_provider_test.dart: StreamingProvider ARD and ZDF must have DIFFERENT TMDB IDs                                       00:04 +319 ~1 -7: /Users/Shared/augmented-ai-apps/imdb/test/data/models/streaming_provider_test.dart: StreamingProvider ARD and ZDF must have DIFFERENT TMDB IDs                                       00:04 +319 ~1 -7: /Users/Shared/augmented-ai-apps/imdb/test/data/models/streaming_provider_test.dart: StreamingProvider all providers should have unique internal IDs                                  00:04 +320 ~1 -7: /Users/Shared/augmented-ai-apps/imdb/test/data/models/streaming_provider_test.dart: StreamingProvider all providers should have unique internal IDs                                  00:04 +320 ~1 -7: /Users/Shared/augmented-ai-apps/imdb/test/data/models/streaming_provider_test.dart: StreamingProvider all providers with TMDB IDs should have unique TMDB IDs                        00:04 +321 ~1 -7: /Users/Shared/augmented-ai-apps/imdb/test/data/models/streaming_provider_test.dart: StreamingProvider all providers with TMDB IDs should have unique TMDB IDs                        00:04 +321 ~1 -7: /Users/Shared/augmented-ai-apps/imdb/test/data/models/streaming_provider_test.dart: StreamingProvider allProviders should contain all 42 providers                                   00:04 +322 ~1 -7: /Users/Shared/augmented-ai-apps/imdb/test/data/models/streaming_provider_test.dart: StreamingProvider allProviders should contain all 42 providers                                   00:04 +322 ~1 -7: /Users/Shared/augmented-ai-apps/imdb/test/data/models/streaming_provider_test.dart: StreamingProvider commercial providers should have 5 entries                                     00:04 +323 ~1 -7: /Users/Shared/augmented-ai-apps/imdb/test/data/models/streaming_provider_test.dart: StreamingProvider commercial providers should have 5 entries                                     00:04 +323 ~1 -7: /Users/Shared/augmented-ai-apps/imdb/test/data/models/streaming_provider_test.dart: StreamingProvider public broadcasters should have 5 entries and be flagged                       00:04 +324 ~1 -7: /Users/Shared/augmented-ai-apps/imdb/test/data/models/streaming_provider_test.dart: StreamingProvider public broadcasters should have 5 entries and be flagged                       00:04 +324 ~1 -7: /Users/Shared/augmented-ai-apps/imdb/test/data/models/streaming_provider_test.dart: StreamingProvider fromId should return correct provider                                          00:04 +325 ~1 -7: /Users/Shared/augmented-ai-apps/imdb/test/data/models/streaming_provider_test.dart: StreamingProvider fromId should return correct provider                                          00:04 +325 ~1 -7: /Users/Shared/augmented-ai-apps/imdb/test/data/models/streaming_provider_test.dart: StreamingProvider fromId should return null for unknown id                                       00:04 +326 ~1 -7: /Users/Shared/augmented-ai-apps/imdb/test/data/models/streaming_provider_test.dart: StreamingProvider fromId should return null for unknown id                                       00:04 +326 ~1 -7: /Users/Shared/augmented-ai-apps/imdb/test/data/models/streaming_provider_test.dart: StreamingProvider fromTmdbId should return correct provider                                      00:04 +327 ~1 -7: /Users/Shared/augmented-ai-apps/imdb/test/data/models/streaming_provider_test.dart: StreamingProvider fromTmdbId should return correct provider                                      00:04 +327 ~1 -7: /Users/Shared/augmented-ai-apps/imdb/test/data/models/streaming_provider_test.dart: StreamingProvider fromTmdbId should return null for unknown TMDB id                              00:04 +328 ~1 -7: /Users/Shared/augmented-ai-apps/imdb/test/data/models/streaming_provider_test.dart: StreamingProvider fromTmdbId should return null for unknown TMDB id                              00:04 +328 ~1 -7: /Users/Shared/augmented-ai-apps/imdb/test/data/models/streaming_provider_test.dart: StreamingProvider getTmdbIds should resolve provider IDs to TMDB IDs                             00:05 +329 ~1 -7: /Users/Shared/augmented-ai-apps/imdb/test/data/models/streaming_provider_test.dart: StreamingProvider getTmdbIds should resolve provider IDs to TMDB IDs                             00:05 +329 ~1 -7: /Users/Shared/augmented-ai-apps/imdb/test/data/models/streaming_provider_test.dart: StreamingProvider getTmdbIds should skip unknown provider IDs                                    00:05 +330 ~1 -7: /Users/Shared/augmented-ai-apps/imdb/test/data/models/streaming_provider_test.dart: StreamingProvider getTmdbIds should skip unknown provider IDs                                    00:05 +330 ~1 -7: /Users/Shared/augmented-ai-apps/imdb/test/data/models/streaming_provider_test.dart: StreamingProvider getTmdbIds with empty list returns empty                                       00:05 +331 ~1 -7: /Users/Shared/augmented-ai-apps/imdb/test/data/models/streaming_provider_test.dart: StreamingProvider getTmdbIds with empty list returns empty                                       00:05 +331 ~1 -7: /Users/Shared/augmented-ai-apps/imdb/test/data/models/streaming_provider_test.dart: StreamingProvider equality should be based on id                                                 00:05 +332 ~1 -7: /Users/Shared/augmented-ai-apps/imdb/test/data/models/streaming_provider_test.dart: StreamingProvider equality should be based on id                                                 00:05 +332 ~1 -7: /Users/Shared/augmented-ai-apps/imdb/test/data/models/streaming_provider_test.dart: StreamingProvider toString should return readable format                                         00:05 +333 ~1 -7: /Users/Shared/augmented-ai-apps/imdb/test/data/models/streaming_provider_test.dart: StreamingProvider toString should return readable format                                         00:05 +333 ~1 -7: loading /Users/Shared/augmented-ai-apps/imdb/test/data/models/media_fsk_test.dart                                                                                                    00:05 +333 ~1 -7: /Users/Shared/augmented-ai-apps/imdb/test/data/models/media_fsk_test.dart: Media FSK Parsing Correctly parses FSK 12 from movie release_dates                                        00:05 +334 ~1 -7: /Users/Shared/augmented-ai-apps/imdb/test/data/models/media_fsk_test.dart: Media FSK Parsing Correctly parses FSK 12 from movie release_dates                                        00:05 +334 ~1 -7: /Users/Shared/augmented-ai-apps/imdb/test/data/models/media_fsk_test.dart: Media FSK Parsing Correctly parses FSK 16 from TV show content_ratings                                    00:05 +335 ~1 -7: /Users/Shared/augmented-ai-apps/imdb/test/data/models/media_fsk_test.dart: Media FSK Parsing Correctly parses FSK 16 from TV show content_ratings                                    00:05 +335 ~1 -7: /Users/Shared/augmented-ai-apps/imdb/test/data/models/media_fsk_test.dart: Media FSK Parsing Handles missing FSK gracefully                                                          00:05 +336 ~1 -7: /Users/Shared/augmented-ai-apps/imdb/test/data/models/media_fsk_test.dart: Media FSK Parsing Handles missing FSK gracefully                                                          00:05 +336 ~1 -7: /Users/Shared/augmented-ai-apps/imdb/test/data/models/media_fsk_test.dart: Media FSK Parsing Handles textual FSK gracefully                                                          00:05 +337 ~1 -7: /Users/Shared/augmented-ai-apps/imdb/test/data/models/media_fsk_test.dart: Media FSK Parsing Handles textual FSK gracefully                                                          00:05 +337 ~1 -7: loading /Users/Shared/augmented-ai-apps/imdb/test/data/models/genre_test.dart                                                                                                        00:05 +337 ~1 -7: /Users/Shared/augmented-ai-apps/imdb/test/data/models/genre_test.dart: Genre movieGenres should contain common movie genres                                                          00:05 +338 ~1 -7: /Users/Shared/augmented-ai-apps/imdb/test/data/models/genre_test.dart: Genre movieGenres should contain common movie genres                                                          00:05 +338 ~1 -7: /Users/Shared/augmented-ai-apps/imdb/test/data/models/genre_test.dart: Genre tvGenres should contain common TV genres                                                                00:05 +339 ~1 -7: /Users/Shared/augmented-ai-apps/imdb/test/data/models/genre_test.dart: Genre tvGenres should contain common TV genres                                                                00:05 +339 ~1 -7: /Users/Shared/augmented-ai-apps/imdb/test/data/models/genre_test.dart: Genre fromId should return correct genre for movie genres                                                     00:05 +340 ~1 -7: /Users/Shared/augmented-ai-apps/imdb/test/data/models/genre_test.dart: Genre fromId should return correct genre for movie genres                                                     00:05 +340 ~1 -7: /Users/Shared/augmented-ai-apps/imdb/test/data/models/genre_test.dart: Genre fromId should return correct genre for TV genres                                                        00:05 +341 ~1 -7: /Users/Shared/augmented-ai-apps/imdb/test/data/models/genre_test.dart: Genre fromId should return correct genre for TV genres                                                        00:05 +341 ~1 -7: /Users/Shared/augmented-ai-apps/imdb/test/data/models/genre_test.dart: Genre fromId should return null for unknown id                                                                00:05 +342 ~1 -7: /Users/Shared/augmented-ai-apps/imdb/test/data/models/genre_test.dart: Genre fromId should return null for unknown id                                                                00:05 +342 ~1 -7: /Users/Shared/augmented-ai-apps/imdb/test/data/models/genre_test.dart: Genre getNameById should return genre name                                                                    00:05 +343 ~1 -7: /Users/Shared/augmented-ai-apps/imdb/test/data/models/genre_test.dart: Genre getNameById should return genre name                                                                    00:05 +343 ~1 -7: /Users/Shared/augmented-ai-apps/imdb/test/data/models/genre_test.dart: Genre getNameById should return Unbekannt for unknown id                                                      00:05 +344 ~1 -7: /Users/Shared/augmented-ai-apps/imdb/test/data/models/genre_test.dart: Genre getNameById should return Unbekannt for unknown id                                                      00:05 +344 ~1 -7: /Users/Shared/augmented-ai-apps/imdb/test/data/models/genre_test.dart: Genre genre names should be in German                                                                         00:05 +345 ~1 -7: /Users/Shared/augmented-ai-apps/imdb/test/data/models/genre_test.dart: Genre genre names should be in German                                                                         00:05 +345 ~1 -7: /Users/Shared/augmented-ai-apps/imdb/test/data/models/genre_test.dart: Genre equality should be based on id                                                                          00:05 +346 ~1 -7: /Users/Shared/augmented-ai-apps/imdb/test/data/models/genre_test.dart: Genre equality should be based on id                                                                          00:05 +346 ~1 -7: /Users/Shared/augmented-ai-apps/imdb/test/data/models/genre_test.dart: Genre toString should return readable format                                                                  00:05 +347 ~1 -7: /Users/Shared/augmented-ai-apps/imdb/test/data/models/genre_test.dart: Genre toString should return readable format                                                                  00:05 +347 ~1 -7: loading /Users/Shared/augmented-ai-apps/imdb/test/data/services/omdb_service_test.dart                                                                                               00:05 +347 ~1 -7: /Users/Shared/augmented-ai-apps/imdb/test/data/services/omdb_service_test.dart: OmdbRatings hasTomatometer true when tomatometer is set                                              00:05 +348 ~1 -7: /Users/Shared/augmented-ai-apps/imdb/test/data/services/omdb_service_test.dart: OmdbRatings hasTomatometer true when tomatometer is set                                              00:05 +348 ~1 -7: /Users/Shared/augmented-ai-apps/imdb/test/data/services/omdb_service_test.dart: OmdbRatings hasTomatometer false when tomatometer is null                                            00:05 +349 ~1 -7: /Users/Shared/augmented-ai-apps/imdb/test/data/services/omdb_service_test.dart: OmdbRatings hasTomatometer false when tomatometer is null                                            00:05 +349 ~1 -7: /Users/Shared/augmented-ai-apps/imdb/test/data/services/omdb_service_test.dart: OmdbRatings hasAudienceScore true when audienceScore is set                                          00:05 +350 ~1 -7: /Users/Shared/augmented-ai-apps/imdb/test/data/services/omdb_service_test.dart: OmdbRatings hasAudienceScore true when audienceScore is set                                          00:05 +350 ~1 -7: /Users/Shared/augmented-ai-apps/imdb/test/data/services/omdb_service_test.dart: OmdbRatings hasAudienceScore false when audienceScore is null                                        00:05 +351 ~1 -7: /Users/Shared/augmented-ai-apps/imdb/test/data/services/omdb_service_test.dart: OmdbRatings hasAudienceScore false when audienceScore is null                                        00:05 +351 ~1 -7: /Users/Shared/augmented-ai-apps/imdb/test/data/services/omdb_service_test.dart: OmdbRatings hasAnyRating true with only tomatometer                                                  00:05 +352 ~1 -7: /Users/Shared/augmented-ai-apps/imdb/test/data/services/omdb_service_test.dart: OmdbRatings hasAnyRating true with only tomatometer                                                  00:05 +352 ~1 -7: /Users/Shared/augmented-ai-apps/imdb/test/data/services/omdb_service_test.dart: OmdbRatings hasAnyRating true with only audienceScore                                                00:05 +353 ~1 -7: /Users/Shared/augmented-ai-apps/imdb/test/data/services/omdb_service_test.dart: OmdbRatings hasAnyRating true with only audienceScore                                                00:05 +353 ~1 -7: /Users/Shared/augmented-ai-apps/imdb/test/data/services/omdb_service_test.dart: OmdbRatings hasAnyRating true with only metacritic                                                   00:05 +354 ~1 -7: /Users/Shared/augmented-ai-apps/imdb/test/data/services/omdb_service_test.dart: OmdbRatings hasAnyRating true with only metacritic                                                   00:05 +354 ~1 -7: /Users/Shared/augmented-ai-apps/imdb/test/data/services/omdb_service_test.dart: OmdbRatings hasAnyRating true with all ratings                                                       00:05 +355 ~1 -7: /Users/Shared/augmented-ai-apps/imdb/test/data/services/tmdb_service_test.dart: TmdbService searchMulti should return empty list for empty query                                     00:05 +356 ~1 -7: /Users/Shared/augmented-ai-apps/imdb/test/data/services/tmdb_service_test.dart: TmdbService searchMulti should return empty list for empty query                                     00:05 +357 ~1 -7: /Users/Shared/augmented-ai-apps/imdb/test/data/services/tmdb_service_test.dart: TmdbService searchMulti should return empty list for empty query                                     00:05 +358 ~1 -7: /Users/Shared/augmented-ai-apps/imdb/test/data/services/tmdb_service_test.dart: TmdbService searchMulti should return empty list for empty query                                     00:05 +359 ~1 -7: /Users/Shared/augmented-ai-apps/imdb/test/data/services/tmdb_service_test.dart: TmdbService searchMulti should return empty list for empty query                                     00:05 +360 ~1 -7: /Users/Shared/augmented-ai-apps/imdb/test/data/services/tmdb_service_test.dart: TmdbService searchMulti should return empty list for empty query                                     00:05 +361 ~1 -7: /Users/Shared/augmented-ai-apps/imdb/test/data/services/tmdb_service_test.dart: TmdbService searchMulti should return empty list for empty query                                     00:05 +362 ~1 -7: /Users/Shared/augmented-ai-apps/imdb/test/data/services/tmdb_service_test.dart: TmdbService searchMulti should return empty list for empty query                                     00:05 +363 ~1 -7: /Users/Shared/augmented-ai-apps/imdb/test/data/services/tmdb_service_test.dart: TmdbService searchMulti should return empty list for empty query                                     00:05 +364 ~1 -7: /Users/Shared/augmented-ai-apps/imdb/test/data/services/tmdb_service_test.dart: TmdbService searchMulti should return empty list for empty query                                     00:05 +365 ~1 -7: /Users/Shared/augmented-ai-apps/imdb/test/data/services/tmdb_filter_test.dart: TmdbService Age Filtering discoverMovies adds correct FSK parameters for age 12                       00:05 +366 ~1 -7: /Users/Shared/augmented-ai-apps/imdb/test/data/services/tmdb_filter_test.dart: TmdbService Age Filtering discoverMovies adds correct FSK parameters for age 12                       00:05 +367 ~1 -7: /Users/Shared/augmented-ai-apps/imdb/test/data/services/tmdb_filter_test.dart: TmdbService Age Filtering discoverMovies adds correct FSK parameters for age 12                       00:05 +368 ~1 -7: /Users/Shared/augmented-ai-apps/imdb/test/data/services/tmdb_filter_test.dart: TmdbService Age Filtering discoverMovies adds correct FSK parameters for age 12                       00:05 +369 ~1 -7: /Users/Shared/augmented-ai-apps/imdb/test/data/services/tmdb_service_test.dart: TmdbService searchMulti should throw TmdbException on DioException                                   00:05 +370 ~1 -7: /Users/Shared/augmented-ai-apps/imdb/test/data/services/tmdb_filter_test.dart: TmdbService Age Filtering discoverMovies adds correct FSK parameters for age 6                        00:05 +371 ~1 -7: /Users/Shared/augmented-ai-apps/imdb/test/data/services/tmdb_service_test.dart: TmdbService searchMulti should include adult content when maxAgeRating is 21+                        00:05 +372 ~1 -7: /Users/Shared/augmented-ai-apps/imdb/test/data/services/tmdb_service_test.dart: TmdbService searchMulti should include adult content when maxAgeRating is 21+                        00:05 +373 ~1 -7: /Users/Shared/augmented-ai-apps/imdb/test/data/services/tmdb_filter_test.dart: TmdbService Age Filtering getUpcomingMovies adds correct FSK parameters for age 12                    00:05 +374 ~1 -7: /Users/Shared/augmented-ai-apps/imdb/test/data/services/tmdb_service_test.dart: TmdbService getTrending should fetch trending all by default                                         00:05 +375 ~1 -7: /Users/Shared/augmented-ai-apps/imdb/test/data/services/tmdb_service_test.dart: TmdbService getTrending should fetch trending all by default                                         00:05 +376 ~1 -7: /Users/Shared/augmented-ai-apps/imdb/test/data/services/tmdb_service_test.dart: TmdbService getTrending should fetch trending all by default                                         00:05 +376 ~1 -7: /Users/Shared/augmented-ai-apps/imdb/test/data/services/tmdb_filter_test.dart: TmdbService Age Filtering discoverMovies adds correct US parameters for age 12 (PG-13)                00:05 +377 ~1 -7: /Users/Shared/augmented-ai-apps/imdb/test/data/services/tmdb_service_test.dart: TmdbService getTrending should fetch trending movies when type specified                             00:05 +378 ~1 -7: /Users/Shared/augmented-ai-apps/imdb/test/data/services/tmdb_filter_test.dart: TmdbService TV Age Filtering discoverTvSeries excludes adult genres for age 6                         00:05 +379 ~1 -7: /Users/Shared/augmented-ai-apps/imdb/test/data/services/tmdb_service_test.dart: TmdbService getPopularMovies should fetch and parse popular movies                                   00:05 +380 ~1 -7: /Users/Shared/augmented-ai-apps/imdb/test/data/services/tmdb_service_test.dart: TmdbService getPopularMovies should fetch and parse popular movies                                   00:05 +380 ~1 -7: /Users/Shared/augmented-ai-apps/imdb/test/data/services/tmdb_filter_test.dart: TmdbService TV Age Filtering discoverTvSeries excludes specific genres for age 12                     00:05 +381 ~1 -7: /Users/Shared/augmented-ai-apps/imdb/test/data/services/tmdb_service_test.dart: TmdbService discoverMovies should include genre filter when provided                                 00:05 +382 ~1 -7: /Users/Shared/augmented-ai-apps/imdb/test/data/services/tmdb_filter_test.dart: TmdbService TV Age Filtering discoverTvSeries does not apply age filter for age 16+                   00:05 +383 ~1 -7: /Users/Shared/augmented-ai-apps/imdb/test/data/services/tmdb_service_test.dart: TmdbService discoverMovies should include adult content when maxAgeRating is 21+                     00:05 +384 ~1 -7: /Users/Shared/augmented-ai-apps/imdb/test/data/services/tmdb_filter_test.dart: TmdbService TV Age Filtering discoverTvSeriesWithCount applies age 6 filter                           00:05 +385 ~1 -7: /Users/Shared/augmented-ai-apps/imdb/test/data/services/tmdb_service_test.dart: TmdbService getRecommendations should fetch recommendations for movie                                00:05 +386 ~1 -7: /Users/Shared/augmented-ai-apps/imdb/test/data/services/tmdb_service_test.dart: TmdbService getRecommendations should fetch recommendations for movie                                00:05 +386 ~1 -7: /Users/Shared/augmented-ai-apps/imdb/test/data/services/tmdb_service_test.dart: TmdbService getRecommendations should fetch recommendations for TV                                   00:05 +387 ~1 -7: /Users/Shared/augmented-ai-apps/imdb/test/data/services/tmdb_service_test.dart: TmdbService getRecommendations should fetch recommendations for TV                                   00:05 +387 ~1 -7: /Users/Shared/augmented-ai-apps/imdb/test/data/services/tmdb_service_test.dart: TmdbService searchMovies should return empty list for empty query                                    00:05 +388 ~1 -7: /Users/Shared/augmented-ai-apps/imdb/test/data/services/tmdb_service_test.dart: TmdbService searchMovies should return empty list for empty query                                    00:05 +388 ~1 -7: /Users/Shared/augmented-ai-apps/imdb/test/data/services/tmdb_service_test.dart: TmdbService searchMovies should fetch and parse movie results                                        00:05 +389 ~1 -7: /Users/Shared/augmented-ai-apps/imdb/test/data/services/tmdb_service_test.dart: TmdbService searchMovies should fetch and parse movie results                                        00:05 +389 ~1 -7: /Users/Shared/augmented-ai-apps/imdb/test/data/services/tmdb_service_test.dart: TmdbService searchTvSeries should return empty list for empty query                                  00:05 +390 ~1 -7: /Users/Shared/augmented-ai-apps/imdb/test/data/services/tmdb_service_test.dart: TmdbService searchTvSeries should return empty list for empty query                                  00:05 +390 ~1 -7: /Users/Shared/augmented-ai-apps/imdb/test/data/services/tmdb_service_test.dart: TmdbService searchTvSeries should fetch and parse TV results                                         00:05 +391 ~1 -7: /Users/Shared/augmented-ai-apps/imdb/test/data/services/tmdb_service_test.dart: TmdbService searchTvSeries should fetch and parse TV results                                         00:05 +391 ~1 -7: /Users/Shared/augmented-ai-apps/imdb/test/data/services/tmdb_service_test.dart: TmdbService getPopularTvSeries should fetch and parse popular TV series                              00:05 +392 ~1 -7: /Users/Shared/augmented-ai-apps/imdb/test/data/services/tmdb_service_test.dart: TmdbService getPopularTvSeries should fetch and parse popular TV series                              00:05 +392 ~1 -7: /Users/Shared/augmented-ai-apps/imdb/test/data/services/tmdb_service_test.dart: TmdbService getTopRatedMovies should fetch and parse top rated movies                                00:05 +393 ~1 -7: /Users/Shared/augmented-ai-apps/imdb/test/data/services/tmdb_service_test.dart: TmdbService getTopRatedMovies should fetch and parse top rated movies                                00:05 +393 ~1 -7: /Users/Shared/augmented-ai-apps/imdb/test/data/services/tmdb_service_test.dart: TmdbService getTopRatedTvSeries should fetch and parse top rated TV series                           00:05 +394 ~1 -7: /Users/Shared/augmented-ai-apps/imdb/test/data/services/tmdb_service_test.dart: TmdbService getTopRatedTvSeries should fetch and parse top rated TV series                           00:05 +394 ~1 -7: /Users/Shared/augmented-ai-apps/imdb/test/data/services/tmdb_service_test.dart: TmdbService getMovieDetails should fetch movie details with appended responses                       00:05 +395 ~1 -7: /Users/Shared/augmented-ai-apps/imdb/test/data/services/tmdb_service_test.dart: TmdbService getMovieDetails should fetch movie details with appended responses                       00:05 +395 ~1 -7: /Users/Shared/augmented-ai-apps/imdb/test/data/services/tmdb_service_test.dart: TmdbService getMovieDetails should throw TmdbException on error                                      00:05 +396 ~1 -7: /Users/Shared/augmented-ai-apps/imdb/test/data/services/tmdb_service_test.dart: TmdbService getMovieDetails should throw TmdbException on error                                      00:05 +396 ~1 -7: /Users/Shared/augmented-ai-apps/imdb/test/data/services/tmdb_service_test.dart: TmdbService getTvDetails should fetch TV details                                                     00:05 +397 ~1 -7: /Users/Shared/augmented-ai-apps/imdb/test/data/services/tmdb_service_test.dart: TmdbService getTvDetails should fetch TV details                                                     00:05 +397 ~1 -7: /Users/Shared/augmented-ai-apps/imdb/test/data/services/tmdb_service_test.dart: TmdbService getTvDetails should throw TmdbException on error                                         00:05 +398 ~1 -7: /Users/Shared/augmented-ai-apps/imdb/test/data/services/tmdb_service_test.dart: TmdbService getTvDetails should throw TmdbException on error                                         00:05 +398 ~1 -7: /Users/Shared/augmented-ai-apps/imdb/test/data/services/tmdb_service_test.dart: TmdbService getSimilar should fetch similar movies                                                   00:05 +399 ~1 -7: /Users/Shared/augmented-ai-apps/imdb/test/data/services/tmdb_service_test.dart: TmdbService getSimilar should fetch similar movies                                                   00:05 +399 ~1 -7: /Users/Shared/augmented-ai-apps/imdb/test/data/services/tmdb_service_test.dart: TmdbService getSimilar should fetch similar TV series                                                00:05 +400 ~1 -7: /Users/Shared/augmented-ai-apps/imdb/test/data/services/tmdb_service_test.dart: TmdbService getSimilar should fetch similar TV series                                                00:05 +400 ~1 -7: /Users/Shared/augmented-ai-apps/imdb/test/data/services/tmdb_service_test.dart: TmdbService getWatchProviders should return providers for given region                               00:05 +401 ~1 -7: /Users/Shared/augmented-ai-apps/imdb/test/data/services/tmdb_service_test.dart: TmdbService getWatchProviders should return providers for given region                               00:05 +401 ~1 -7: /Users/Shared/augmented-ai-apps/imdb/test/data/services/tmdb_service_test.dart: TmdbService getWatchProviders should return empty result when region not found                       00:05 +402 ~1 -7: /Users/Shared/augmented-ai-apps/imdb/test/data/services/tmdb_service_test.dart: TmdbService getWatchProviders should return empty result when region not found                       00:05 +402 ~1 -7: /Users/Shared/augmented-ai-apps/imdb/test/data/services/tmdb_service_test.dart: TmdbService getWatchProviders should throw TmdbException on error                                    00:05 +403 ~1 -7: /Users/Shared/augmented-ai-apps/imdb/test/data/services/tmdb_service_test.dart: TmdbService getWatchProviders should throw TmdbException on error                                    00:05 +403 ~1 -7: /Users/Shared/augmented-ai-apps/imdb/test/data/services/tmdb_service_test.dart: TmdbService getUpcomingMovies should fetch upcoming movies via discover endpoint                     00:05 +404 ~1 -7: /Users/Shared/augmented-ai-apps/imdb/test/data/services/tmdb_service_test.dart: TmdbService getUpcomingMovies should fetch upcoming movies via discover endpoint                     00:05 +404 ~1 -7: /Users/Shared/augmented-ai-apps/imdb/test/data/services/tmdb_service_test.dart: TmdbService getUpcomingTvSeries should fetch upcoming TV via discover endpoint                       00:05 +405 ~1 -7: /Users/Shared/augmented-ai-apps/imdb/test/data/services/tmdb_service_test.dart: TmdbService getUpcomingTvSeries should fetch upcoming TV via discover endpoint                       00:05 +405 ~1 -7: /Users/Shared/augmented-ai-apps/imdb/test/data/services/tmdb_service_test.dart: TmdbService getTrailerUrl should return YouTube trailer URL when found                               00:05 +406 ~1 -7: /Users/Shared/augmented-ai-apps/imdb/test/data/services/tmdb_service_test.dart: TmdbService getTrailerUrl should return YouTube trailer URL when found                               00:05 +406 ~1 -7: /Users/Shared/augmented-ai-apps/imdb/test/data/services/tmdb_service_test.dart: TmdbService getTrailerUrl should return YouTube teaser URL when no trailer                           00:05 +407 ~1 -7: /Users/Shared/augmented-ai-apps/imdb/test/data/services/tmdb_service_test.dart: TmdbService getTrailerUrl should return YouTube teaser URL when no trailer                           00:05 +407 ~1 -7: /Users/Shared/augmented-ai-apps/imdb/test/data/services/tmdb_service_test.dart: TmdbService getTrailerUrl should return null when no YouTube video found                             00:05 +408 ~1 -7: /Users/Shared/augmented-ai-apps/imdb/test/data/services/tmdb_service_test.dart: TmdbService getTrailerUrl should return null when no YouTube video found                             00:05 +408 ~1 -7: /Users/Shared/augmented-ai-apps/imdb/test/data/services/tmdb_service_test.dart: TmdbService getTrailerUrl should return null when results are empty                                  00:05 +409 ~1 -7: /Users/Shared/augmented-ai-apps/imdb/test/data/services/tmdb_service_test.dart: TmdbService getTrailerUrl should return null when results are empty                                  00:05 +409 ~1 -7: /Users/Shared/augmented-ai-apps/imdb/test/data/services/tmdb_service_test.dart: TmdbService getTrailerUrl should return null on DioException                                         00:05 +410 ~1 -7: /Users/Shared/augmented-ai-apps/imdb/test/data/services/tmdb_service_test.dart: TmdbService getTrailerUrl should return null on DioException                                         00:05 +410 ~1 -7: /Users/Shared/augmented-ai-apps/imdb/test/data/services/tmdb_service_test.dart: TmdbService discoverByProvider should filter by provider IDs and region                              00:05 +411 ~1 -7: /Users/Shared/augmented-ai-apps/imdb/test/data/services/tmdb_service_test.dart: TmdbService discoverByProvider should filter by provider IDs and region                              00:05 +411 ~1 -7: /Users/Shared/augmented-ai-apps/imdb/test/data/services/tmdb_service_test.dart: TmdbService discoverByProvider should throw TmdbException on error                                   00:05 +412 ~1 -7: /Users/Shared/augmented-ai-apps/imdb/test/data/services/tmdb_service_test.dart: TmdbService discoverByProvider should throw TmdbException on error                                   00:05 +412 ~1 -7: /Users/Shared/augmented-ai-apps/imdb/test/data/services/tmdb_service_test.dart: TmdbService discoverMoviesWithCount should return results and total count                            00:05 +413 ~1 -7: /Users/Shared/augmented-ai-apps/imdb/test/data/services/tmdb_service_test.dart: TmdbService discoverMoviesWithCount should return results and total count                            00:05 +413 ~1 -7: /Users/Shared/augmented-ai-apps/imdb/test/data/services/tmdb_service_test.dart: TmdbService discoverTvSeriesWithCount should return results and total count                          00:05 +414 ~1 -7: /Users/Shared/augmented-ai-apps/imdb/test/data/services/tmdb_service_test.dart: TmdbService discoverTvSeriesWithCount should return results and total count                          00:05 +414 ~1 -7: /Users/Shared/augmented-ai-apps/imdb/test/data/services/tmdb_service_test.dart: TmdbService Global Configuration requests should default to exclude adult content                    00:05 +415 ~1 -7: /Users/Shared/augmented-ai-apps/imdb/test/data/services/tmdb_service_test.dart: TmdbService Global Configuration requests should default to exclude adult content                    00:05 +415 ~1 -7: /Users/Shared/augmented-ai-apps/imdb/test/data/services/tmdb_service_test.dart: TmdbService Global Configuration requests should include adult content when requested                00:05 +416 ~1 -7: /Users/Shared/augmented-ai-apps/imdb/test/data/services/tmdb_service_test.dart: TmdbService Global Configuration requests should include adult content when requested                00:05 +416 ~1 -7: /Users/Shared/augmented-ai-apps/imdb/test/data/services/tmdb_service_test.dart: TmdbService discoverTvSeries should discover TV with filters                                         00:05 +417 ~1 -7: /Users/Shared/augmented-ai-apps/imdb/test/data/services/tmdb_service_test.dart: TmdbService discoverTvSeries should discover TV with filters                                         00:05 +417 ~1 -7: /Users/Shared/augmented-ai-apps/imdb/test/data/services/tmdb_service_test.dart: TmdbService discoverTvSeries should throw TmdbException on error                                     00:05 +418 ~1 -7: /Users/Shared/augmented-ai-apps/imdb/test/data/services/tmdb_service_test.dart: TmdbService discoverTvSeries should throw TmdbException on error                                     00:05 +418 ~1 -7: /Users/Shared/augmented-ai-apps/imdb/test/data/services/tmdb_service_test.dart: WatchProviderResult empty factory returns empty lists                                                00:05 +419 ~1 -7: /Users/Shared/augmented-ai-apps/imdb/test/data/services/tmdb_service_test.dart: WatchProviderResult empty factory returns empty lists                                                00:05 +419 ~1 -7: /Users/Shared/augmented-ai-apps/imdb/test/data/services/tmdb_service_test.dart: WatchProviderResult fromJson parses all provider types                                               00:05 +420 ~1 -7: /Users/Shared/augmented-ai-apps/imdb/test/data/services/tmdb_service_test.dart: WatchProviderResult fromJson parses all provider types                                               00:05 +420 ~1 -7: /Users/Shared/augmented-ai-apps/imdb/test/data/services/tmdb_service_test.dart: WatchProviderResult fromJson handles missing keys                                                    00:05 +421 ~1 -7: /Users/Shared/augmented-ai-apps/imdb/test/data/services/tmdb_service_test.dart: WatchProviderResult fromJson handles missing keys                                                    00:05 +421 ~1 -7: /Users/Shared/augmented-ai-apps/imdb/test/data/services/tmdb_service_test.dart: WatchProviderResult hasStreamingOptions is true only with flatrate                                   00:05 +422 ~1 -7: /Users/Shared/augmented-ai-apps/imdb/test/data/services/tmdb_service_test.dart: WatchProviderResult hasStreamingOptions is true only with flatrate                                   00:05 +422 ~1 -7: /Users/Shared/augmented-ai-apps/imdb/test/data/services/tmdb_service_test.dart: WatchProvider fromJson parses correctly                                                              00:05 +423 ~1 -7: /Users/Shared/augmented-ai-apps/imdb/test/data/services/tmdb_service_test.dart: WatchProvider fromJson parses correctly                                                              00:05 +423 ~1 -7: /Users/Shared/augmented-ai-apps/imdb/test/data/services/tmdb_service_test.dart: WatchProvider fullLogoUrl returns complete URL                                                       00:05 +424 ~1 -7: /Users/Shared/augmented-ai-apps/imdb/test/data/services/tmdb_service_test.dart: WatchProvider fullLogoUrl returns complete URL                                                       00:05 +424 ~1 -7: /Users/Shared/augmented-ai-apps/imdb/test/data/services/tmdb_service_test.dart: TmdbException toString returns formatted message                                                     00:05 +425 ~1 -7: /Users/Shared/augmented-ai-apps/imdb/test/data/services/tmdb_service_test.dart: TmdbException toString returns formatted message                                                     00:05 +425 ~1 -7: /Users/Shared/augmented-ai-apps/imdb/test/data/services/tmdb_service_test.dart: TmdbException message is preserved                                                                   00:05 +426 ~1 -7: /Users/Shared/augmented-ai-apps/imdb/test/data/services/tmdb_service_test.dart: TmdbException message is preserved                                                                   00:05 +426 ~1 -7: /Users/Shared/augmented-ai-apps/imdb/test/data/services/tmdb_service_test.dart: Caching and offline fallback getTrending returns fresh response on first call                        00:05 +427 ~1 -7: /Users/Shared/augmented-ai-apps/imdb/test/data/services/tmdb_service_test.dart: Caching and offline fallback getTrending returns fresh response on first call                        00:05 +427 ~1 -7: /Users/Shared/augmented-ai-apps/imdb/test/data/services/tmdb_service_test.dart: Caching and offline fallback getTrending returns cached response on second call (no extra API call)  00:05 +428 ~1 -7: /Users/Shared/augmented-ai-apps/imdb/test/data/services/tmdb_service_test.dart: Caching and offline fallback getTrending returns cached response on second call (no extra API call)  00:05 +428 ~1 -7: /Users/Shared/augmented-ai-apps/imdb/test/data/services/tmdb_service_test.dart: Caching and offline fallback clearCache clears all cached entries                                    00:05 +429 ~1 -7: /Users/Shared/augmented-ai-apps/imdb/test/data/services/tmdb_service_test.dart: Caching and offline fallback clearCache clears all cached entries                                    00:05 +429 ~1 -7: /Users/Shared/augmented-ai-apps/imdb/test/data/services/tmdb_service_test.dart: Caching and offline fallback offline fallback: returns stale cache on DioException                   00:05 +430 ~1 -7: /Users/Shared/augmented-ai-apps/imdb/test/data/services/tmdb_service_test.dart: Caching and offline fallback offline fallback: returns stale cache on DioException                   00:05 +430 ~1 -7: /Users/Shared/augmented-ai-apps/imdb/test/data/services/tmdb_service_test.dart: Caching and offline fallback offline fallback: rethrows DioException when no cache available         00:05 +431 ~1 -7: /Users/Shared/augmented-ai-apps/imdb/test/data/services/tmdb_service_test.dart: Caching and offline fallback offline fallback: rethrows DioException when no cache available         00:05 +431 ~1 -7: /Users/Shared/augmented-ai-apps/imdb/test/data/services/tmdb_service_test.dart: Caching and offline fallback getPopularMovies uses cache (second call does not hit API)              00:05 +432 ~1 -7: /Users/Shared/augmented-ai-apps/imdb/test/data/services/tmdb_service_test.dart: Caching and offline fallback getPopularMovies uses cache (second call does not hit API)              00:05 +432 ~1 -7: /Users/Shared/augmented-ai-apps/imdb/test/data/services/tmdb_service_test.dart: Caching and offline fallback getTopRatedMovies uses cache (second call does not hit API)             00:05 +433 ~1 -7: /Users/Shared/augmented-ai-apps/imdb/test/data/services/tmdb_service_test.dart: Caching and offline fallback getTopRatedMovies uses cache (second call does not hit API)             00:05 +433 ~1 -7: /Users/Shared/augmented-ai-apps/imdb/test/data/services/tmdb_service_test.dart: Caching and offline fallback getPopularTvSeries uses cache (second call does not hit API)            00:05 +434 ~1 -7: /Users/Shared/augmented-ai-apps/imdb/test/data/services/tmdb_service_test.dart: Caching and offline fallback getPopularTvSeries uses cache (second call does not hit API)            00:05 +434 ~1 -7: /Users/Shared/augmented-ai-apps/imdb/test/data/services/tmdb_service_test.dart: Caching and offline fallback getTopRatedTvSeries uses cache (second call does not hit API)           00:05 +435 ~1 -7: /Users/Shared/augmented-ai-apps/imdb/test/data/services/tmdb_service_test.dart: Caching and offline fallback getTopRatedTvSeries uses cache (second call does not hit API)           00:05 +435 ~1 -7: loading /Users/Shared/augmented-ai-apps/imdb/test/data/services/taste_profile_service_test.dart                                                                                      00:05 +435 ~1 -7: /Users/Shared/augmented-ai-apps/imdb/test/data/services/taste_profile_service_test.dart: TasteProfile model toJson produces expected structure                                       00:05 +436 ~1 -7: /Users/Shared/augmented-ai-apps/imdb/test/data/services/taste_profile_service_test.dart: TasteProfile model toJson produces expected structure                                       00:05 +436 ~1 -7: /Users/Shared/augmented-ai-apps/imdb/test/data/services/taste_profile_service_test.dart: TasteProfile model fromJson roundtrip                                                       00:05 +437 ~1 -7: /Users/Shared/augmented-ai-apps/imdb/test/data/services/taste_profile_service_test.dart: TasteProfile model fromJson roundtrip                                                       00:05 +437 ~1 -7: /Users/Shared/augmented-ai-apps/imdb/test/data/services/taste_profile_service_test.dart: TasteProfile model fromJson handles missing fields gracefully                               00:05 +438 ~1 -7: /Users/Shared/augmented-ai-apps/imdb/test/data/services/taste_profile_service_test.dart: TasteProfile model fromJson handles missing fields gracefully                               00:05 +438 ~1 -7: /Users/Shared/augmented-ai-apps/imdb/test/data/services/taste_profile_service_test.dart: TasteProfileService export exports empty history                                            00:05 +439 ~1 -7: /Users/Shared/augmented-ai-apps/imdb/test/data/services/taste_profile_service_test.dart: TasteProfileService export exports empty history                                            00:05 +439 ~1 -7: /Users/Shared/augmented-ai-apps/imdb/test/data/services/taste_profile_service_test.dart: TasteProfileService export exports history with entries                                     00:05 +440 ~1 -7: /Users/Shared/augmented-ai-apps/imdb/test/data/services/taste_profile_service_test.dart: TasteProfileService export exports history with entries                                     00:05 +440 ~1 -7: /Users/Shared/augmented-ai-apps/imdb/test/data/services/taste_profile_service_test.dart: TasteProfileService export exports stats with top genres                                    00:05 +441 ~1 -7: /Users/Shared/augmented-ai-apps/imdb/test/data/services/taste_profile_service_test.dart: TasteProfileService export exports stats with top genres                                    00:05 +441 ~1 -7: /Users/Shared/augmented-ai-apps/imdb/test/data/services/taste_profile_service_test.dart: TasteProfileService import imports new entries                                              00:05 +442 ~1 -7: /Users/Shared/augmented-ai-apps/imdb/test/data/services/taste_profile_service_test.dart: TasteProfileService import imports new entries                                              00:05 +442 ~1 -7: /Users/Shared/augmented-ai-apps/imdb/test/data/services/taste_profile_service_test.dart: TasteProfileService import skips duplicate entries                                          00:05 +443 ~1 -7: /Users/Shared/augmented-ai-apps/imdb/test/data/services/taste_profile_service_test.dart: TasteProfileService import skips duplicate entries                                          00:05 +443 ~1 -7: /Users/Shared/augmented-ai-apps/imdb/test/data/services/taste_profile_service_test.dart: TasteProfileService import handles mixed new and existing entries                           00:05 +444 ~1 -7: /Users/Shared/augmented-ai-apps/imdb/test/data/services/taste_profile_service_test.dart: TasteProfileService import handles mixed new and existing entries                           00:05 +444 ~1 -7: /Users/Shared/augmented-ai-apps/imdb/test/data/services/taste_profile_service_test.dart: TasteProfileService preview returns profile from valid JSON                                 00:05 +445 ~1 -7: /Users/Shared/augmented-ai-apps/imdb/test/data/services/taste_profile_service_test.dart: TasteProfileService preview returns profile from valid JSON                                 00:05 +445 ~1 -7: /Users/Shared/augmented-ai-apps/imdb/test/data/services/taste_profile_service_test.dart: TasteProfileService preview returns null for invalid JSON                                   00:05 +446 ~1 -7: /Users/Shared/augmented-ai-apps/imdb/test/data/services/taste_profile_service_test.dart: TasteProfileService preview returns null for invalid JSON                                   00:05 +446 ~1 -7: /Users/Shared/augmented-ai-apps/imdb/test/data/services/taste_profile_service_test.dart: TasteProfileService preview returns null for empty string                                   00:05 +447 ~1 -7: /Users/Shared/augmented-ai-apps/imdb/test/data/services/taste_profile_service_test.dart: TasteProfileService preview returns null for empty string                                   00:05 +447 ~1 -7: /Users/Shared/augmented-ai-apps/imdb/test/data/services/taste_profile_service_test.dart: TasteProfileService computeOverlap returns 0.0 when my history is empty                     00:05 +448 ~1 -7: /Users/Shared/augmented-ai-apps/imdb/test/data/services/taste_profile_service_test.dart: TasteProfileService computeOverlap returns 0.0 when my history is empty                     00:05 +448 ~1 -7: /Users/Shared/augmented-ai-apps/imdb/test/data/services/taste_profile_service_test.dart: TasteProfileService computeOverlap returns 0.0 when other profile is empty                  00:05 +449 ~1 -7: /Users/Shared/augmented-ai-apps/imdb/test/data/services/taste_profile_service_test.dart: TasteProfileService computeOverlap returns 0.0 when other profile is empty                  00:05 +449 ~1 -7: /Users/Shared/augmented-ai-apps/imdb/test/data/services/taste_profile_service_test.dart: TasteProfileService computeOverlap returns 1.0 for identical histories                      00:05 +450 ~1 -7: /Users/Shared/augmented-ai-apps/imdb/test/data/services/taste_profile_service_test.dart: TasteProfileService computeOverlap returns 1.0 for identical histories                      00:05 +450 ~1 -7: /Users/Shared/augmented-ai-apps/imdb/test/data/services/taste_profile_service_test.dart: TasteProfileService computeOverlap returns 0.0 for completely different histories           00:05 +451 ~1 -7: /Users/Shared/augmented-ai-apps/imdb/test/data/services/taste_profile_service_test.dart: TasteProfileService computeOverlap returns 0.0 for completely different histories           00:05 +451 ~1 -7: /Users/Shared/augmented-ai-apps/imdb/test/data/services/taste_profile_service_test.dart: TasteProfileService computeOverlap returns partial overlap correctly                        00:05 +452 ~1 -7: /Users/Shared/augmented-ai-apps/imdb/test/data/services/taste_profile_service_test.dart: TasteProfileService computeOverlap returns partial overlap correctly                        00:05 +452 ~1 -7: loading /Users/Shared/augmented-ai-apps/imdb/test/data/services/gemini_service_test.dart                                                                                             00:05 +452 ~1 -7: /Users/Shared/augmented-ai-apps/imdb/test/data/services/gemini_service_test.dart: GeminiService can be instantiated                                                                  00:05 +453 ~1 -7: /Users/Shared/augmented-ai-apps/imdb/test/data/services/gemini_service_test.dart: GeminiService can be instantiated                                                                  00:05 +453 ~1 -7: /Users/Shared/augmented-ai-apps/imdb/test/data/services/gemini_service_test.dart: GeminiService resetChat can be called without error                                                00:05 +454 ~1 -7: /Users/Shared/augmented-ai-apps/imdb/test/data/services/gemini_service_test.dart: GeminiService resetChat can be called without error                                                00:05 +454 ~1 -7: /Users/Shared/augmented-ai-apps/imdb/test/data/services/gemini_service_test.dart: GeminiService resetChat can be called multiple times                                               00:05 +455 ~1 -7: /Users/Shared/augmented-ai-apps/imdb/test/data/services/gemini_service_test.dart: GeminiService resetChat can be called multiple times                                               00:05 +455 ~1 -7: loading /Users/Shared/augmented-ai-apps/imdb/test/domain/recommendation_engine_test.dart                                                                                             00:05 +455 ~1 -7: /Users/Shared/augmented-ai-apps/imdb/test/domain/recommendation_engine_test.dart: RecommendationEngine getPersonalizedRecommendations returns trending when watch history is empty   00:05 +456 ~1 -7: /Users/Shared/augmented-ai-apps/imdb/test/domain/recommendation_engine_test.dart: RecommendationEngine getPersonalizedRecommendations returns trending when watch history is empty   00:05 +456 ~1 -7: /Users/Shared/augmented-ai-apps/imdb/test/domain/recommendation_engine_test.dart: ... getPersonalizedRecommendations returns empty list when trending fails and no history           00:05 +457 ~1 -7: /Users/Shared/augmented-ai-apps/imdb/test/domain/recommendation_engine_test.dart: ... getPersonalizedRecommendations returns empty list when trending fails and no history           00:05 +457 ~1 -7: /Users/Shared/augmented-ai-apps/imdb/test/domain/recommendation_engine_test.dart: ... getPersonalizedRecommendations fetches recommendations from highly rated entries               00:05 +458 ~1 -7: /Users/Shared/augmented-ai-apps/imdb/test/domain/recommendation_engine_test.dart: ... getPersonalizedRecommendations fetches recommendations from highly rated entries               00:05 +458 ~1 -7: /Users/Shared/augmented-ai-apps/imdb/test/domain/recommendation_engine_test.dart: RecommendationEngine getPersonalizedRecommendations filters out already watched items              00:05 +459 ~1 -7: /Users/Shared/augmented-ai-apps/imdb/test/domain/recommendation_engine_test.dart: RecommendationEngine getPersonalizedRecommendations filters out already watched items              00:05 +459 ~1 -7: /Users/Shared/augmented-ai-apps/imdb/test/domain/recommendation_engine_test.dart: RecommendationEngine getPersonalizedRecommendations filters out low vote count media               00:05 +460 ~1 -7: /Users/Shared/augmented-ai-apps/imdb/test/domain/recommendation_engine_test.dart: RecommendationEngine getPersonalizedRecommendations filters out low vote count media               00:05 +460 ~1 -7: /Users/Shared/augmented-ai-apps/imdb/test/domain/recommendation_engine_test.dart: RecommendationEngine getPersonalizedRecommendations filters out media below minimum rating         00:05 +461 ~1 -7: /Users/Shared/augmented-ai-apps/imdb/test/domain/recommendation_engine_test.dart: RecommendationEngine getPersonalizedRecommendations filters out media below minimum rating         00:05 +461 ~1 -7: /Users/Shared/augmented-ai-apps/imdb/test/domain/recommendation_engine_test.dart: RecommendationEngine getBecauseYouWatched returns empty when no qualifying entries                 00:05 +462 ~1 -7: /Users/Shared/augmented-ai-apps/imdb/test/domain/recommendation_engine_test.dart: RecommendationEngine getBecauseYouWatched returns empty when no qualifying entries                 00:05 +462 ~1 -7: /Users/Shared/augmented-ai-apps/imdb/test/domain/recommendation_engine_test.dart: RecommendationEngine getBecauseYouWatched returns groups for highly rated entries                  00:05 +463 ~1 -7: /Users/Shared/augmented-ai-apps/imdb/test/domain/recommendation_engine_test.dart: RecommendationEngine getBecauseYouWatched returns groups for highly rated entries                  00:05 +463 ~1 -7: /Users/Shared/augmented-ai-apps/imdb/test/domain/recommendation_engine_test.dart: RecommendationEngine getBecauseYouWatched skips entries rated below 7.0                            00:05 +464 ~1 -7: /Users/Shared/augmented-ai-apps/imdb/test/domain/recommendation_engine_test.dart: RecommendationEngine getBecauseYouWatched skips entries rated below 7.0                            00:05 +464 ~1 -7: /Users/Shared/augmented-ai-apps/imdb/test/domain/recommendation_engine_test.dart: RecommendationEngine getByGenre uses default genres when no history                                00:05 +465 ~1 -7: /Users/Shared/augmented-ai-apps/imdb/test/domain/recommendation_engine_test.dart: RecommendationEngine getByGenre uses default genres when no history                                00:05 +465 ~1 -7: /Users/Shared/augmented-ai-apps/imdb/test/domain/recommendation_engine_test.dart: RecommendationEngine getTopRated returns movies only when type is movie                            00:05 +466 ~1 -7: /Users/Shared/augmented-ai-apps/imdb/test/domain/recommendation_engine_test.dart: RecommendationEngine getTopRated returns movies only when type is movie                            00:05 +466 ~1 -7: /Users/Shared/augmented-ai-apps/imdb/test/domain/recommendation_engine_test.dart: RecommendationEngine getTopRated returns TV only when type is tv                                   00:05 +467 ~1 -7: /Users/Shared/augmented-ai-apps/imdb/test/domain/recommendation_engine_test.dart: RecommendationEngine getTopRated returns TV only when type is tv                                   00:05 +467 ~1 -7: /Users/Shared/augmented-ai-apps/imdb/test/domain/recommendation_engine_test.dart: RecommendationEngine getTopRated returns both when no type specified                               00:05 +468 ~1 -7: /Users/Shared/augmented-ai-apps/imdb/test/domain/recommendation_engine_test.dart: RecommendationEngine getTopRated returns both when no type specified                               00:05 +468 ~1 -7: /Users/Shared/augmented-ai-apps/imdb/test/domain/recommendation_engine_test.dart: RecommendationEngine getTopRated returns empty group on error                                      00:06 +469 ~1 -7: /Users/Shared/augmented-ai-apps/imdb/test/domain/recommendation_engine_test.dart: RecommendationEngine getTopRated returns empty group on error                                      00:06 +469 ~1 -7: /Users/Shared/augmented-ai-apps/imdb/test/domain/recommendation_engine_test.dart: RecommendationEngine getTrending returns trending group                                            00:06 +470 ~1 -7: /Users/Shared/augmented-ai-apps/imdb/test/domain/recommendation_engine_test.dart: RecommendationEngine getTrending returns trending group                                            00:06 +470 ~1 -7: /Users/Shared/augmented-ai-apps/imdb/test/domain/recommendation_engine_test.dart: RecommendationEngine getTrending returns empty group on error                                      00:06 +471 ~1 -7: /Users/Shared/augmented-ai-apps/imdb/test/domain/recommendation_engine_test.dart: RecommendationEngine getTrending returns empty group on error                                      00:06 +471 ~1 -7: /Users/Shared/augmented-ai-apps/imdb/test/domain/recommendation_engine_test.dart: RecommendationGroup isEmpty returns true for empty items                                           00:06 +472 ~1 -7: /Users/Shared/augmented-ai-apps/imdb/test/domain/recommendation_engine_test.dart: RecommendationGroup isEmpty returns true for empty items                                           00:06 +472 ~1 -7: /Users/Shared/augmented-ai-apps/imdb/test/domain/recommendation_engine_test.dart: RecommendationGroup isNotEmpty returns true for non-empty items                                    00:06 +473 ~1 -7: /Users/Shared/augmented-ai-apps/imdb/test/domain/recommendation_engine_test.dart: RecommendationGroup isNotEmpty returns true for non-empty items                                    00:06 +473 ~1 -7: /Users/Shared/augmented-ai-apps/imdb/test/domain/recommendation_engine_test.dart: RecommendationGroup sourceMediaId can be set                                                       00:06 +474 ~1 -7: /Users/Shared/augmented-ai-apps/imdb/test/domain/recommendation_engine_test.dart: RecommendationGroup sourceMediaId can be set                                                       00:06 +474 ~1 -7: /Users/Shared/augmented-ai-apps/imdb/test/domain/recommendation_engine_test.dart: RecommendationReason has all expected values                                                       00:06 +475 ~1 -7: /Users/Shared/augmented-ai-apps/imdb/test/domain/recommendation_engine_test.dart: RecommendationReason has all expected values                                                       00:06 +475 ~1 -7: Some tests failed.                                                                                                                                                                   
